###############################################################################
#
# IAR ELF Linker V8.30.1.114/W32 for ARM                  18/Jul/2018  00:31:50
# Copyright 2007-2018 IAR Systems AB.
#
#    Output file  =  
#        C:\Users\nikol\Documents\EE 474\github\474Group8\Debug\Exe\Lab 3.out
#    Map file     =  
#        C:\Users\nikol\Documents\EE 474\github\474Group8\Debug\List\Lab 3.map
#    Command line =  
#        -f C:\Users\nikol\AppData\Local\Temp\EW5E96.tmp
#        ("C:\Users\nikol\Documents\EE
#        474\github\474Group8\Debug\Obj\cstartup_M.o"
#        "C:\Users\nikol\Documents\EE 474\github\474Group8\Debug\Obj\main.o"
#        --no_out_extension -o "C:\Users\nikol\Documents\EE
#        474\github\474Group8\Debug\Exe\Lab 3.out" --redirect
#        _Printf=_PrintfFullNoMb --redirect _Scanf=_ScanfFullNoMb --map
#        "C:\Users\nikol\Documents\EE 474\github\474Group8\Debug\List\Lab
#        3.map" --config "C:\Program Files (x86)\IAR Systems\Embedded Workbench
#        8.1\arm\config\linker\TexasInstruments\TM4C123GH6.icf" --semihosting
#        --entry __iar_program_start --vfe --text_out locale)
#
###############################################################################

*******************************************************************************
*** RUNTIME MODEL ATTRIBUTES
***

CppFlavor       = *
__SystemLibrary = DLib
__dlib_version  = 6


*******************************************************************************
*** HEAP SELECTION
***

The basic heap was selected because some modules are built with
size limitations (and not runtime checking), and --advanced_heap
was not specified.


*******************************************************************************
*** PLACEMENT SUMMARY
***

"A0":  place at 0x0 { ro section .intvec };
"P1":  place in [from 0x0 to 0x3'ffff] { ro };
define block CSTACK with size = 4K, alignment = 8 { };
define block HEAP with size = 8K, alignment = 8 { };
"P2":  place in [from 0x2000'0000 to 0x2000'7fff] {
          rw, block CSTACK, block HEAP };

  Section          Kind         Address    Size  Object
  -------          ----         -------    ----  ------
"A0":                                      0xbc
  .intvec          const            0x0    0xbc  cstartup_M.o [1]
                                 - 0xbc    0xbc

"P1":                                     0xdb6
  .text            ro code         0xbc   0x630  main.o [1]
  .text            ro code        0x6ec    0x1a  U32ToDbl.o [3]
  .text            ro code        0x706    0x3a  zero_init3.o [4]
  .text            ro code        0x740   0x1a2  DblMul.o [3]
  .text            ro code        0x8e2     0x2  cstartup_M.o [1]
  .text            ro code        0x8e4   0x246  DblDiv.o [3]
  .text            ro code        0xb2a     0x2  cstartup_M.o [1]
  .text            ro code        0xb2c    0xe2  DblSub.o [3]
  .text            ro code        0xc0e     0x2  cstartup_M.o [1]
  .text            ro code        0xc10    0x3a  DblToS32.o [3]
  .text            ro code        0xc4a     0x2  cstartup_M.o [1]
  .text            ro code        0xc4c   0x16a  DblAdd.o [3]
  .text            ro code        0xdb6     0x2  cstartup_M.o [1]
  .text            ro code        0xdb8    0x28  data_init.o [4]
  .text            ro code        0xde0    0x22  fpinit_M.o [3]
  .iar.init_table  const          0xe04    0x10  - Linker created -
  .text            ro code        0xe14     0x2  cstartup_M.o [1]
  .text            ro code        0xe18    0x1e  cmain.o [4]
  .text            ro code        0xe36     0x4  low_level_init.o [2]
  .text            ro code        0xe3a     0x4  exit.o [2]
  .text            ro code        0xe3e     0x2  cstartup_M.o [1]
  .text            ro code        0xe40     0xa  cexit.o [4]
  .text            ro code        0xe4a     0x2  cstartup_M.o [1]
  .text            ro code        0xe4c    0x14  exit.o [5]
  .text            ro code        0xe60    0x10  cstartup_M.o [1]
  .text            ro code        0xe70     0x2  cstartup_M.o [1]
  .rodata          const          0xe72     0x0  zero_init3.o [4]
                                - 0xe72   0xdb6

"P2", part 1 of 2:                         0x10
  .bss             zero     0x2000'0000     0x4  main.o [1]
  .bss             zero     0x2000'0004     0x4  main.o [1]
  .bss             zero     0x2000'0008     0x4  main.o [1]
  .bss             zero     0x2000'000c     0x4  main.o [1]
                          - 0x2000'0010    0x10

"P2", part 2 of 2:                       0x1000
  CSTACK                    0x2000'0010  0x1000  <Block>
    CSTACK         uninit   0x2000'0010  0x1000  <Block tail>
                          - 0x2000'1010  0x1000

Unused ranges:

         From           To      Size
         ----           --      ----
        0xe72     0x3'ffff  0x3'f18e
  0x2000'1010  0x2000'7fff    0x6ff0


*******************************************************************************
*** INIT TABLE
***

          Address      Size
          -------      ----
Zero (__iar_zero_init3)
    1 destination range, total size 0x10:
          0x2000'0000  0x10



*******************************************************************************
*** MODULE SUMMARY
***

    Module            ro code  ro data  rw data
    ------            -------  -------  -------
command line/config:
    -------------------------------------------
    Total:

C:\Users\nikol\Documents\EE 474\github\474Group8\Debug\Obj: [1]
    cstartup_M.o           34      188
    main.o              1 584                16
    -------------------------------------------
    Total:              1 618      188       16

dl7M_tln.a: [2]
    exit.o                  4
    low_level_init.o        4
    -------------------------------------------
    Total:                  8

m7M_tls.a: [3]
    DblAdd.o              362
    DblDiv.o              582
    DblMul.o              418
    DblSub.o              226
    DblToS32.o             58
    U32ToDbl.o             26
    fpinit_M.o             34
    -------------------------------------------
    Total:              1 706

rt7M_tl.a: [4]
    cexit.o                10
    cmain.o                30
    data_init.o            40
    zero_init3.o           58
    -------------------------------------------
    Total:                138

shb_l.a: [5]
    exit.o                 20
    -------------------------------------------
    Total:                 20

    Gaps                    2        2
    Linker created                  16    4 096
-----------------------------------------------
    Grand Total:        3 492      206    4 112


*******************************************************************************
*** ENTRY LIST
***

Entry                       Address   Size  Type      Object
-----                       -------   ----  ----      ------
.iar.init_table$$Base         0xe04          --   Gb  - Linker created -
.iar.init_table$$Limit        0xe14          --   Gb  - Linker created -
?main                         0xe19         Code  Gb  cmain.o [4]
ADC0_Handler                  0x411   0x54  Code  Gb  main.o [1]
ADC_Init                       0xbd   0xa2  Code  Gb  main.o [1]
CSTACK$$Base            0x2000'0010          --   Gb  - Linker created -
CSTACK$$Limit           0x2000'1010          --   Gb  - Linker created -
FLAG                    0x2000'0004    0x4  Data  Gb  main.o [1]
Interrupt_Init                0x257   0x72  Code  Gb  main.o [1]
LED_OFF                       0x49f    0x8  Code  Gb  main.o [1]
LED_ON                        0x491    0xe  Code  Gb  main.o [1]
PLL_Init                      0x15f   0x80  Code  Gb  main.o [1]
PortF_Handler                 0x3eb   0x26  Code  Gb  main.o [1]
PortF_Init                    0x1df   0x30  Code  Gb  main.o [1]
Region$$Table$$Base           0xe04          --   Gb  - Linker created -
Region$$Table$$Limit          0xe14          --   Gb  - Linker created -
STATE                   0x2000'0000    0x4  Data  Gb  main.o [1]
Switching                     0x4a7  0x128  Code  Gb  main.o [1]
Timer0A_Handler               0x3d3   0x18  Code  Gb  main.o [1]
Timer0_Init                   0x20f   0x48  Code  Gb  main.o [1]
UART_Init                     0x2c9   0xfa  Code  Gb  main.o [1]
__aeabi_d2iz                  0xc11         Code  Gb  DblToS32.o [3]
__aeabi_ddiv                  0x8e5         Code  Gb  DblDiv.o [3]
__aeabi_dmul                  0x741         Code  Gb  DblMul.o [3]
__aeabi_dsub                  0xb2d         Code  Gb  DblSub.o [3]
__aeabi_ui2d                  0x6ed         Code  Gb  U32ToDbl.o [3]
__cmain                       0xe19         Code  Gb  cmain.o [4]
__exit                        0xe4d   0x14  Code  Gb  exit.o [5]
__iar_dadd                    0xb3d         Code  Gb  DblSub.o [3]
__iar_data_init3              0xdb9   0x28  Code  Gb  data_init.o [4]
__iar_dsub                    0xc4d         Code  Gb  DblAdd.o [3]
__iar_dsubStart               0xc5f         Code  Gb  DblAdd.o [3]
__iar_init_vfp                0xde1         Code  Gb  fpinit_M.o [3]
__iar_program_start           0xe61   0x10  Code  Gb  cstartup_M.o [1]
__iar_zero_init3              0x707   0x3a  Code  Gb  zero_init3.o [4]
__low_level_init              0xe37    0x4  Code  Gb  low_level_init.o [2]
__vector_table                  0x0   0xbc  Data  Gb  cstartup_M.o [1]
_call_main                    0xe25         Code  Gb  cmain.o [4]
_exit                         0xe41         Code  Gb  cexit.o [4]
_main                         0xe33         Code  Gb  cmain.o [4]
exit                          0xe3b    0x4  Code  Gb  exit.o [2]
main                          0x465   0x2c  Code  Gb  main.o [1]
output                  0x2000'000c    0x4  Data  Gb  main.o [1]
result                  0x2000'0008    0x4  Data  Gb  main.o [1]
transmit                      0x3c3   0x10  Code  Gb  main.o [1]


[1] = C:\Users\nikol\Documents\EE 474\github\474Group8\Debug\Obj
[2] = dl7M_tln.a
[3] = m7M_tls.a
[4] = rt7M_tl.a
[5] = shb_l.a

  3 492 bytes of readonly  code memory
    206 bytes of readonly  data memory
  4 112 bytes of readwrite data memory

Errors: none
Warnings: none
