###############################################################################
#
# IAR ELF Linker V8.30.1.114/W32 for ARM                  16/Jul/2018  13:20:28
# Copyright 2007-2018 IAR Systems AB.
#
#    Output file  =  C:\Users\candy\474Group8\Debug\Exe\Lab 3.out
#    Map file     =  C:\Users\candy\474Group8\Debug\List\Lab 3.map
#    Command line =  
#        -f C:\Users\candy\AppData\Local\Temp\EW9F76.tmp
#        (C:\Users\candy\474Group8\Debug\Obj\cstartup_M.o
#        C:\Users\candy\474Group8\Debug\Obj\main.o --no_out_extension -o
#        "C:\Users\candy\474Group8\Debug\Exe\Lab 3.out" --redirect
#        _Printf=_PrintfFullNoMb --redirect _Scanf=_ScanfFullNoMb --map
#        "C:\Users\candy\474Group8\Debug\List\Lab 3.map" --config "C:\Program
#        Files (x86)\IAR Systems\Embedded Workbench
#        8.1\arm\config\linker\TexasInstruments\TM4C123GH6.icf" --semihosting
#        --entry __iar_program_start --vfe --text_out locale)
#
###############################################################################

*******************************************************************************
*** RUNTIME MODEL ATTRIBUTES
***

CppFlavor       = *
__SystemLibrary = DLib
__dlib_version  = 6


*******************************************************************************
*** HEAP SELECTION
***

The basic heap was selected because some modules are built with
size limitations (and not runtime checking), and --advanced_heap
was not specified.


*******************************************************************************
*** PLACEMENT SUMMARY
***

"A0":  place at 0x0 { ro section .intvec };
"P1":  place in [from 0x0 to 0x3'ffff] { ro };
define block CSTACK with size = 4K, alignment = 8 { };
define block HEAP with size = 8K, alignment = 8 { };
"P2":  place in [from 0x2000'0000 to 0x2000'7fff] {
          rw, block CSTACK, block HEAP };

  Section          Kind         Address    Size  Object
  -------          ----         -------    ----  ------
"A0":                                      0xbc
  .intvec          const            0x0    0xbc  cstartup_M.o [1]
                                 - 0xbc    0xbc

"P1":                                     0x3fe
  .text            ro code         0xbc   0x300  main.o [1]
  .text            ro code        0x3bc    0x3a  zero_init3.o [4]
  .text            ro code        0x3f6     0x2  cstartup_M.o [1]
  .text            ro code        0x3f8    0x28  data_init.o [4]
  .text            ro code        0x420    0x22  fpinit_M.o [3]
  .iar.init_table  const          0x444    0x10  - Linker created -
  .text            ro code        0x454     0x2  cstartup_M.o [1]
  .text            ro code        0x458    0x1e  cmain.o [4]
  .text            ro code        0x476     0x4  low_level_init.o [2]
  .text            ro code        0x47a     0x4  exit.o [2]
  .text            ro code        0x47e     0x2  cstartup_M.o [1]
  .text            ro code        0x480     0xa  cexit.o [4]
  .text            ro code        0x48a     0x2  cstartup_M.o [1]
  .text            ro code        0x48c    0x14  exit.o [5]
  .text            ro code        0x4a0    0x10  cstartup_M.o [1]
  .text            ro code        0x4b0     0x2  cstartup_M.o [1]
  .text            ro code        0x4b2     0x2  cstartup_M.o [1]
  .text            ro code        0x4b4     0x2  cstartup_M.o [1]
  .text            ro code        0x4b6     0x2  cstartup_M.o [1]
  .text            ro code        0x4b8     0x2  cstartup_M.o [1]
  .rodata          const          0x4ba     0x0  zero_init3.o [4]
                                - 0x4ba   0x3fe

"P2", part 1 of 2:                          0xc
  .bss             zero     0x2000'0000     0x4  main.o [1]
  .bss             zero     0x2000'0004     0x4  main.o [1]
  .bss             zero     0x2000'0008     0x4  main.o [1]
                          - 0x2000'000c     0xc

"P2", part 2 of 2:                       0x1000
  CSTACK                    0x2000'0010  0x1000  <Block>
    CSTACK         uninit   0x2000'0010  0x1000  <Block tail>
                          - 0x2000'1010  0x1000

Unused ranges:

         From           To      Size
         ----           --      ----
        0x4ba     0x3'ffff  0x3'fb46
  0x2000'000c  0x2000'000f       0x4
  0x2000'1010  0x2000'7fff    0x6ff0


*******************************************************************************
*** INIT TABLE
***

          Address      Size
          -------      ----
Zero (__iar_zero_init3)
    1 destination range, total size 0xc:
          0x2000'0000   0xc



*******************************************************************************
*** MODULE SUMMARY
***

    Module            ro code  ro data  rw data
    ------            -------  -------  -------
command line/config:
    -------------------------------------------
    Total:

C:\Users\candy\474Group8\Debug\Obj: [1]
    cstartup_M.o           34      188
    main.o                768                12
    -------------------------------------------
    Total:                802      188       12

dl7M_tln.a: [2]
    exit.o                  4
    low_level_init.o        4
    -------------------------------------------
    Total:                  8

m7M_tls.a: [3]
    fpinit_M.o             34
    -------------------------------------------
    Total:                 34

rt7M_tl.a: [4]
    cexit.o                10
    cmain.o                30
    data_init.o            40
    zero_init3.o           58
    -------------------------------------------
    Total:                138

shb_l.a: [5]
    exit.o                 20
    -------------------------------------------
    Total:                 20

    Gaps                    2        2
    Linker created                  16    4 096
-----------------------------------------------
    Grand Total:        1 004      206    4 108


*******************************************************************************
*** ENTRY LIST
***

Entry                       Address  Size  Type      Object
-----                       -------  ----  ----      ------
.iar.init_table$$Base         0x444         --   Gb  - Linker created -
.iar.init_table$$Limit        0x454         --   Gb  - Linker created -
?main                         0x459        Code  Gb  cmain.o [4]
ADC0_Handler                  0x2c1  0x1c  Code  Gb  main.o [1]
ADC_Init                       0xbd  0x8c  Code  Gb  main.o [1]
CSTACK$$Base            0x2000'0010         --   Gb  - Linker created -
CSTACK$$Limit           0x2000'1010         --   Gb  - Linker created -
FLAG                    0x2000'0004   0x4  Data  Gb  main.o [1]
Interrupt_Init                0x223  0x60  Code  Gb  main.o [1]
LED_OFF                       0x2fb   0x8  Code  Gb  main.o [1]
PLL_Init                      0x149  0x7a  Code  Gb  main.o [1]
PortF_Handler                 0x29b  0x26  Code  Gb  main.o [1]
PortF_Init                    0x1c3  0x22  Code  Gb  main.o [1]
Region$$Table$$Base           0x444         --   Gb  - Linker created -
Region$$Table$$Limit          0x454         --   Gb  - Linker created -
STATE                   0x2000'0000   0x4  Data  Gb  main.o [1]
Timer0A_Handler               0x283  0x18  Code  Gb  main.o [1]
Timer0_Init                   0x1e5  0x3e  Code  Gb  main.o [1]
__cmain                       0x459        Code  Gb  cmain.o [4]
__exit                        0x48d  0x14  Code  Gb  exit.o [5]
__iar_data_init3              0x3f9  0x28  Code  Gb  data_init.o [4]
__iar_init_vfp                0x421        Code  Gb  fpinit_M.o [3]
__iar_program_start           0x4a1  0x10  Code  Gb  cstartup_M.o [1]
__iar_zero_init3              0x3bd  0x3a  Code  Gb  zero_init3.o [4]
__low_level_init              0x477   0x4  Code  Gb  low_level_init.o [2]
__vector_table                  0x0  0xbc  Data  Gb  cstartup_M.o [1]
_call_main                    0x465        Code  Gb  cmain.o [4]
_exit                         0x481        Code  Gb  cexit.o [4]
_main                         0x473        Code  Gb  cmain.o [4]
exit                          0x47b   0x4  Code  Gb  exit.o [2]
main                          0x2dd  0x1e  Code  Gb  main.o [1]
result                  0x2000'0008   0x4  Data  Gb  main.o [1]


[1] = C:\Users\candy\474Group8\Debug\Obj
[2] = dl7M_tln.a
[3] = m7M_tls.a
[4] = rt7M_tl.a
[5] = shb_l.a

  1 004 bytes of readonly  code memory
    206 bytes of readonly  data memory
  4 108 bytes of readwrite data memory

Errors: none
Warnings: none
