###############################################################################
#
# IAR ELF Linker V8.30.1.114/W32 for ARM                  15/Jul/2018  15:43:03
# Copyright 2007-2018 IAR Systems AB.
#
#    Output file  =  C:\Users\candy\474Group8\Debug\Exe\Lab 3.out
#    Map file     =  C:\Users\candy\474Group8\Debug\List\Lab 3.map
#    Command line =  
#        -f C:\Users\candy\AppData\Local\Temp\EWC1D1.tmp
#        (C:\Users\candy\474Group8\Debug\Obj\cstartup_M.o
#        C:\Users\candy\474Group8\Debug\Obj\main.o --no_out_extension -o
#        "C:\Users\candy\474Group8\Debug\Exe\Lab 3.out" --redirect
#        _Printf=_PrintfFullNoMb --redirect _Scanf=_ScanfFullNoMb --map
#        "C:\Users\candy\474Group8\Debug\List\Lab 3.map" --config "C:\Program
#        Files (x86)\IAR Systems\Embedded Workbench
#        8.1\arm\config\linker\TexasInstruments\TM4C123GH6.icf" --semihosting
#        --entry __iar_program_start --vfe --text_out locale)
#
###############################################################################

*******************************************************************************
*** RUNTIME MODEL ATTRIBUTES
***

CppFlavor       = *
__SystemLibrary = DLib
__dlib_version  = 6


*******************************************************************************
*** HEAP SELECTION
***

The basic heap was selected because some modules are built with
size limitations (and not runtime checking), and --advanced_heap
was not specified.


*******************************************************************************
*** PLACEMENT SUMMARY
***

"A0":  place at 0x0 { ro section .intvec };
"P1":  place in [from 0x0 to 0x3'ffff] { ro };
define block CSTACK with size = 4K, alignment = 8 { };
define block HEAP with size = 8K, alignment = 8 { };
"P2":  place in [from 0x2000'0000 to 0x2000'7fff] {
          rw, block CSTACK, block HEAP };

No sections matched the following patterns:

  rw  in "P2"


  Section   Kind         Address    Size  Object
  -------   ----         -------    ----  ------
"A0":                               0xbc
  .intvec   const            0x0    0xbc  cstartup_M.o [1]
                          - 0xbc    0xbc

"P1":                              0x246
  .text     ro code         0xbc   0x1be  main.o [1]
  .text     ro code        0x27a     0x2  cstartup_M.o [1]
  .text     ro code        0x27c    0x22  fpinit_M.o [3]
  .text     ro code        0x29e     0x2  cstartup_M.o [1]
  .text     ro code        0x2a0    0x1e  cmain.o [4]
  .text     ro code        0x2be     0x4  low_level_init.o [2]
  .text     ro code        0x2c2     0x4  exit.o [2]
  .text     ro code        0x2c6     0x2  cstartup_M.o [1]
  .text     ro code        0x2c8     0xa  cexit.o [4]
  .text     ro code        0x2d2     0x2  cstartup_M.o [1]
  .text     ro code        0x2d4    0x14  exit.o [5]
  .text     ro code        0x2e8    0x10  cstartup_M.o [1]
  .text     ro code        0x2f8     0x2  cstartup_M.o [1]
  .text     ro code        0x2fa     0x2  cstartup_M.o [1]
  .text     ro code        0x2fc     0x2  cstartup_M.o [1]
  .text     ro code        0x2fe     0x2  cstartup_M.o [1]
  .text     ro code        0x300     0x2  cstartup_M.o [1]
                         - 0x302   0x246

"P2":                             0x1000
  CSTACK             0x2000'0000  0x1000  <Block>
    CSTACK  uninit   0x2000'0000  0x1000  <Block tail>
                   - 0x2000'1000  0x1000

Unused ranges:

         From           To      Size
         ----           --      ----
        0x302     0x3'ffff  0x3'fcfe
  0x2000'1000  0x2000'7fff    0x7000



*******************************************************************************
*** MODULE SUMMARY
***

    Module            ro code  ro data  rw data
    ------            -------  -------  -------
command line/config:
    -------------------------------------------
    Total:

C:\Users\candy\474Group8\Debug\Obj: [1]
    cstartup_M.o           34      188
    main.o                446
    -------------------------------------------
    Total:                480      188

dl7M_tln.a: [2]
    exit.o                  4
    low_level_init.o        4
    -------------------------------------------
    Total:                  8

m7M_tls.a: [3]
    fpinit_M.o             34
    -------------------------------------------
    Total:                 34

rt7M_tl.a: [4]
    cexit.o                10
    cmain.o                30
    -------------------------------------------
    Total:                 40

shb_l.a: [5]
    exit.o                 20
    -------------------------------------------
    Total:                 20

    Linker created                        4 096
-----------------------------------------------
    Grand Total:          582      188    4 096


*******************************************************************************
*** ENTRY LIST
***

Entry                     Address  Size  Type      Object
-----                     -------  ----  ----      ------
?main                       0x2a1        Code  Gb  cmain.o [4]
ADC_Init                     0xbd  0x80  Code  Gb  main.o [1]
CSTACK$$Base          0x2000'0000         --   Gb  - Linker created -
CSTACK$$Limit         0x2000'1000         --   Gb  - Linker created -
PLL_Init                    0x13d  0x56  Code  Gb  main.o [1]
PortF_Handler               0x263   0x2  Code  Gb  main.o [1]
PortF_Init                  0x193  0x22  Code  Gb  main.o [1]
Region$$Table$$Base           0x0         --   Gb  - Linker created -
Region$$Table$$Limit          0x0         --   Gb  - Linker created -
Timer0A_Handler             0x261   0x2  Code  Gb  main.o [1]
Timer0_Init                 0x1b5  0x3e  Code  Gb  main.o [1]
__cmain                     0x2a1        Code  Gb  cmain.o [4]
__exit                      0x2d5  0x14  Code  Gb  exit.o [5]
__iar_init_vfp              0x27d        Code  Gb  fpinit_M.o [3]
__iar_program_start         0x2e9  0x10  Code  Gb  cstartup_M.o [1]
__low_level_init            0x2bf   0x4  Code  Gb  low_level_init.o [2]
__vector_table                0x0  0xbc  Data  Gb  cstartup_M.o [1]
_call_main                  0x2ad        Code  Gb  cmain.o [4]
_exit                       0x2c9        Code  Gb  cexit.o [4]
_main                       0x2bb        Code  Gb  cmain.o [4]
exit                        0x2c3   0x4  Code  Gb  exit.o [2]
main                        0x265  0x16  Code  Gb  main.o [1]


[1] = C:\Users\candy\474Group8\Debug\Obj
[2] = dl7M_tln.a
[3] = m7M_tls.a
[4] = rt7M_tl.a
[5] = shb_l.a

    582 bytes of readonly  code memory
    188 bytes of readonly  data memory
  4 096 bytes of readwrite data memory

Errors: none
Warnings: none
