###############################################################################
#
# IAR ELF Linker V8.30.1.114/W32 for ARM                  19/Jul/2018  00:54:02
# Copyright 2007-2018 IAR Systems AB.
#
#    Output file  =  
#        C:\Users\nikol\Documents\EE 474\github\474Group8\Debug\Exe\Lab 3.out
#    Map file     =  
#        C:\Users\nikol\Documents\EE 474\github\474Group8\Debug\List\Lab 3.map
#    Command line =  
#        -f C:\Users\nikol\AppData\Local\Temp\EW1AA3.tmp
#        ("C:\Users\nikol\Documents\EE
#        474\github\474Group8\Debug\Obj\cstartup_M.o"
#        "C:\Users\nikol\Documents\EE 474\github\474Group8\Debug\Obj\main.o"
#        "C:\Users\nikol\Documents\EE 474\github\474Group8\Debug\Obj\SSD2119.o"
#        --no_out_extension -o "C:\Users\nikol\Documents\EE
#        474\github\474Group8\Debug\Exe\Lab 3.out" --redirect
#        _Printf=_PrintfFullNoMb --redirect _Scanf=_ScanfFullNoMb --map
#        "C:\Users\nikol\Documents\EE 474\github\474Group8\Debug\List\Lab
#        3.map" --config "C:\Program Files (x86)\IAR Systems\Embedded Workbench
#        8.1\arm\config\linker\TexasInstruments\TM4C123GH6.icf" --semihosting
#        --entry __iar_program_start --vfe --text_out locale)
#
###############################################################################

*******************************************************************************
*** RUNTIME MODEL ATTRIBUTES
***

CppFlavor       = *
__SystemLibrary = DLib
__dlib_version  = 6


*******************************************************************************
*** HEAP SELECTION
***

The basic heap was selected because some modules are built with
size limitations (and not runtime checking), and --advanced_heap
was not specified.


*******************************************************************************
*** PLACEMENT SUMMARY
***

"A0":  place at 0x0 { ro section .intvec };
"P1":  place in [from 0x0 to 0x3'ffff] { ro };
define block CSTACK with size = 4K, alignment = 8 { };
define block HEAP with size = 8K, alignment = 8 { };
"P2":  place in [from 0x2000'0000 to 0x2000'7fff] {
          rw, block CSTACK, block HEAP };
initialize by copy { rw };

  Section            Kind         Address    Size  Object
  -------            ----         -------    ----  ------
"A0":                                        0xbc
  .intvec            const            0x0    0xbc  cstartup_M.o [1]
                                   - 0xbc    0xbc

"P1":                                      0x1e44
  .text              ro code         0xbc   0xbe8  SSD2119.o [1]
  .text              ro code        0xca4   0x86c  main.o [1]
  .text              ro code       0x1510    0x1a  U32ToDbl.o [3]
  .text              ro code       0x152a     0x2  cstartup_M.o [1]
  .text              ro code       0x152c   0x1a2  DblMul.o [3]
  .text              ro code       0x16ce     0x2  cstartup_M.o [1]
  .text              ro code       0x16d0   0x246  DblDiv.o [3]
  .text              ro code       0x1916     0x2  cstartup_M.o [1]
  .text              ro code       0x1918    0xe2  DblSub.o [3]
  .text              ro code       0x19fa     0x2  cstartup_M.o [1]
  .text              ro code       0x19fc    0x3a  DblToS32.o [3]
  .text              ro code       0x1a36     0x2  cstartup_M.o [1]
  .text              ro code       0x1a38    0x56  ABImemcpy_unaligned.o [4]
  .text              ro code       0x1a8e     0x2  cstartup_M.o [1]
  .text              ro code       0x1a90   0x16a  DblAdd.o [3]
  .text              ro code       0x1bfa     0x2  cstartup_M.o [1]
  .rodata            const         0x1bfc   0x1e0  SSD2119.o [1]
  .text              ro code       0x1ddc    0x38  packbits_init_single.o [4]
  .text              ro code       0x1e14    0x28  data_init.o [4]
  .text              ro code       0x1e3c    0x22  fpinit_M.o [3]
  .iar.init_table    const         0x1e60    0x10  - Linker created -
  .text              ro code       0x1e70     0x2  cstartup_M.o [1]
  .text              ro code       0x1e74    0x1e  cmain.o [4]
  .text              ro code       0x1e92     0x4  low_level_init.o [2]
  .text              ro code       0x1e96     0x4  exit.o [2]
  .text              ro code       0x1e9a     0x2  cstartup_M.o [1]
  .text              ro code       0x1e9c     0xa  cexit.o [4]
  .text              ro code       0x1ea8    0x14  exit.o [5]
  .rodata            const         0x1ebc    0x1c  main.o [1]
  .text              ro code       0x1ed8    0x10  cstartup_M.o [1]
  .rodata            const         0x1ee8     0x0  packbits_init_single.o [4]
  Initializer bytes  const         0x1ee8    0x18  <for P2-1>
                                 - 0x1f00  0x1e44

"P2", part 1 of 2:                           0x2b
  P2-1                        0x2000'0000    0x2b  <Init block>
    .data            inited   0x2000'0000     0x4  main.o [1]
    .data            inited   0x2000'0004     0x4  main.o [1]
    .data            inited   0x2000'0008     0x4  main.o [1]
    .data            inited   0x2000'000c     0x4  main.o [1]
    .data            inited   0x2000'0010     0x4  main.o [1]
    .data            inited   0x2000'0014     0x4  main.o [1]
    .bss             inited   0x2000'0018     0x4  main.o [1]
    .bss             inited   0x2000'001c     0x4  main.o [1]
    .bss             inited   0x2000'0020     0x2  SSD2119.o [1]
    .bss             inited   0x2000'0022     0x2  SSD2119.o [1]
    .bss             inited   0x2000'0024     0x2  SSD2119.o [1]
    .bss             inited   0x2000'0026     0x2  SSD2119.o [1]
    .bss             inited   0x2000'0028     0x2  SSD2119.o [1]
    .bss             inited   0x2000'002a     0x1  main.o [1]
                            - 0x2000'002b    0x2b

"P2", part 2 of 2:                         0x1000
  CSTACK                      0x2000'0030  0x1000  <Block>
    CSTACK           uninit   0x2000'0030  0x1000  <Block tail>
                            - 0x2000'1030  0x1000

Unused ranges:

         From           To      Size
         ----           --      ----
       0x1f00     0x3'ffff  0x3'e100
  0x2000'002b  0x2000'002f       0x5
  0x2000'1030  0x2000'7fff    0x6fd0


*******************************************************************************
*** INIT TABLE
***

          Address      Size
          -------      ----
Copy/packbits (__iar_packbits_init_single3)
    1 source range, total size 0x18 (55% of destination):
               0x1ee8  0x18
    1 destination range, total size 0x2b:
          0x2000'0000  0x2b



*******************************************************************************
*** MODULE SUMMARY
***

    Module                  ro code  ro data  rw data
    ------                  -------  -------  -------
command line/config:
    -------------------------------------------------
    Total:

C:\Users\nikol\Documents\EE 474\github\474Group8\Debug\Obj: [1]
    SSD2119.o                 3 048      486       10
    cstartup_M.o                 34      188
    main.o                    2 156       46       33
    -------------------------------------------------
    Total:                    5 238      720       43

dl7M_tln.a: [2]
    exit.o                        4
    low_level_init.o              4
    -------------------------------------------------
    Total:                        8

m7M_tls.a: [3]
    DblAdd.o                    362
    DblDiv.o                    582
    DblMul.o                    418
    DblSub.o                    226
    DblToS32.o                   58
    U32ToDbl.o                   26
    fpinit_M.o                   34
    -------------------------------------------------
    Total:                    1 706

rt7M_tl.a: [4]
    ABImemcpy_unaligned.o        86
    cexit.o                      10
    cmain.o                      30
    data_init.o                  40
    packbits_init_single.o       56
    -------------------------------------------------
    Total:                      222

shb_l.a: [5]
    exit.o                       20
    -------------------------------------------------
    Total:                       20

    Gaps                          4        2
    Linker created                        16    4 096
-----------------------------------------------------
    Grand Total:              7 198      738    4 139


*******************************************************************************
*** ENTRY LIST
***

Entry                       Address   Size  Type      Object
-----                       -------   ----  ----      ------
.iar.init_table$$Base        0x1e60          --   Gb  - Linker created -
.iar.init_table$$Limit       0x1e70          --   Gb  - Linker created -
?main                        0x1e75         Code  Gb  cmain.o [4]
ADC0_Handler                  0xefd   0x66  Code  Gb  main.o [1]
ADC_Init_                     0x9d5   0x80  Code  Gb  SSD2119.o [1]
ADC_Read                      0xa5d   0x26  Code  Gb  SSD2119.o [1]
ADC_SetChannel                0xa83   0x30  Code  Gb  SSD2119.o [1]
ASCII                        0x1bfc  0x1e0  Data  Lc  SSD2119.o [1]
CSTACK$$Base            0x2000'0030          --   Gb  - Linker created -
CSTACK$$Limit           0x2000'1030          --   Gb  - Linker created -
FLAG                    0x2000'0018    0x4  Data  Gb  main.o [1]
Interrupt_Init                0xd25   0x3a  Code  Gb  main.o [1]
LCD_ColorFill                 0x3a9   0x16  Code  Gb  SSD2119.o [1]
LCD_DrawCircle                0x74d  0x140  Code  Gb  SSD2119.o [1]
LCD_DrawFilledCircle          0x88d  0x10a  Code  Gb  SSD2119.o [1]
LCD_DrawFilledRect            0x6eb   0x62  Code  Gb  SSD2119.o [1]
LCD_DrawLine                  0x585   0xdc  Code  Gb  SSD2119.o [1]
LCD_DrawPixel                 0x551   0x34  Code  Gb  SSD2119.o [1]
LCD_DrawRect                  0x661   0x8a  Code  Gb  SSD2119.o [1]
LCD_GPIOInit                   0xbd   0xa0  Code  Gb  SSD2119.o [1]
LCD_Init                      0x1e7  0x1a2  Code  Gb  SSD2119.o [1]
LCD_PrintChar                 0x3c9   0xcc  Code  Gb  SSD2119.o [1]
LCD_PrintInteger              0x4b7   0x6a  Code  Gb  SSD2119.o [1]
LCD_SetCursor                 0x495    0xe  Code  Gb  SSD2119.o [1]
LCD_SetTextColor              0x4a3   0x14  Code  Gb  SSD2119.o [1]
LCD_Switch                   0x138f   0xb4  Code  Gb  main.o [1]
LCD_WriteCommand              0x15d   0x42  Code  Gb  SSD2119.o [1]
LCD_WriteData                 0x19f   0x48  Code  Gb  SSD2119.o [1]
LED_ON                       0x1381    0xe  Code  Gb  main.o [1]
PLL_Init                      0xca5   0x80  Code  Gb  main.o [1]
PortF_Handler                 0xe83   0x7a  Code  Gb  main.o [1]
Region$$Table$$Base          0x1e60          --   Gb  - Linker created -
Region$$Table$$Limit         0x1e70          --   Gb  - Linker created -
STATE                   0x2000'002a    0x1  Data  Gb  main.o [1]
Timer0A_Handler               0xe6d   0x16  Code  Gb  main.o [1]
Touch_Init                    0x997   0x3e  Code  Gb  SSD2119.o [1]
Touch_ReadX                   0xabd   0xce  Code  Gb  SSD2119.o [1]
Touch_ReadY                   0xb91   0xac  Code  Gb  SSD2119.o [1]
Touch_XVal              0x2000'0026    0x2  Data  Gb  SSD2119.o [1]
Touch_YVal              0x2000'0028    0x2  Data  Gb  SSD2119.o [1]
UART_Init                     0xd5f  0x10e  Code  Gb  main.o [1]
__aeabi_d2iz                 0x19fd         Code  Gb  DblToS32.o [3]
__aeabi_ddiv                 0x16d1         Code  Gb  DblDiv.o [3]
__aeabi_dmul                 0x152d         Code  Gb  DblMul.o [3]
__aeabi_dsub                 0x1919         Code  Gb  DblSub.o [3]
__aeabi_ui2d                 0x1511         Code  Gb  U32ToDbl.o [3]
__cmain                      0x1e75         Code  Gb  cmain.o [4]
__exit                       0x1ea9   0x14  Code  Gb  exit.o [5]
__iar_dadd                   0x1929         Code  Gb  DblSub.o [3]
__iar_data_init3             0x1e15   0x28  Code  Gb  data_init.o [4]
__iar_dsub                   0x1a91         Code  Gb  DblAdd.o [3]
__iar_dsubStart              0x1aa3         Code  Gb  DblAdd.o [3]
__iar_init_vfp               0x1e3d         Code  Gb  fpinit_M.o [3]
__iar_packbits_init_single3
                             0x1ddd   0x38  Code  Gb  packbits_init_single.o [4]
__iar_program_start          0x1ed9   0x10  Code  Gb  cstartup_M.o [1]
__iar_unaligned_memcpy4
                             0x1a39         Code  Gb  ABImemcpy_unaligned.o [4]
__iar_unaligned_memcpy8
                             0x1a39         Code  Gb  ABImemcpy_unaligned.o [4]
__low_level_init             0x1e93    0x4  Code  Gb  low_level_init.o [2]
__vector_table                  0x0   0xbc  Data  Gb  cstartup_M.o [1]
_call_main                   0x1e81         Code  Gb  cmain.o [4]
_exit                        0x1e9d         Code  Gb  cexit.o [4]
_main                        0x1e8f         Code  Gb  cmain.o [4]
abs                           0x3bf    0xa  Code  Gb  SSD2119.o [1]
centerx                 0x2000'0000    0x4  Data  Gb  main.o [1]
centery                 0x2000'0004    0x4  Data  Gb  main.o [1]
convertColor                  0x389   0x20  Code  Gb  SSD2119.o [1]
cursorX                 0x2000'0020    0x2  Data  Gb  SSD2119.o [1]
cursorY                 0x2000'0022    0x2  Data  Gb  SSD2119.o [1]
drawStoplight                 0xf63  0x37e  Code  Gb  main.o [1]
exit                         0x1e97    0x4  Code  Gb  exit.o [2]
height                  0x2000'0010    0x4  Data  Gb  main.o [1]
main                         0x12e1   0xa0  Code  Gb  main.o [1]
radius                  0x2000'0008    0x4  Data  Gb  main.o [1]
result                  0x2000'001c    0x4  Data  Gb  main.o [1]
starty                  0x2000'0014    0x4  Data  Gb  main.o [1]
textColor               0x2000'0024    0x2  Data  Gb  SSD2119.o [1]
width                   0x2000'000c    0x4  Data  Gb  main.o [1]


[1] = C:\Users\nikol\Documents\EE 474\github\474Group8\Debug\Obj
[2] = dl7M_tln.a
[3] = m7M_tls.a
[4] = rt7M_tl.a
[5] = shb_l.a

  7 198 bytes of readonly  code memory
    738 bytes of readonly  data memory
  4 139 bytes of readwrite data memory

Errors: none
Warnings: none
