###############################################################################
#
# IAR ELF Linker V8.30.1.114/W32 for ARM                  19/Jul/2018  02:14:50
# Copyright 2007-2018 IAR Systems AB.
#
#    Output file  =  
#        C:\Users\nikol\Documents\EE 474\github\474Group8\Debug\Exe\Lab 3.out
#    Map file     =  
#        C:\Users\nikol\Documents\EE 474\github\474Group8\Debug\List\Lab 3.map
#    Command line =  
#        -f C:\Users\nikol\AppData\Local\Temp\EW10E5.tmp
#        ("C:\Users\nikol\Documents\EE
#        474\github\474Group8\Debug\Obj\cstartup_M.o"
#        "C:\Users\nikol\Documents\EE 474\github\474Group8\Debug\Obj\main.o"
#        "C:\Users\nikol\Documents\EE 474\github\474Group8\Debug\Obj\SSD2119.o"
#        --no_out_extension -o "C:\Users\nikol\Documents\EE
#        474\github\474Group8\Debug\Exe\Lab 3.out" --redirect
#        _Printf=_PrintfFullNoMb --redirect _Scanf=_ScanfFullNoMb --map
#        "C:\Users\nikol\Documents\EE 474\github\474Group8\Debug\List\Lab
#        3.map" --config "C:\Program Files (x86)\IAR Systems\Embedded Workbench
#        8.1\arm\config\linker\TexasInstruments\TM4C123GH6.icf" --semihosting
#        --entry __iar_program_start --vfe --text_out locale)
#
###############################################################################

*******************************************************************************
*** RUNTIME MODEL ATTRIBUTES
***

CppFlavor       = *
__SystemLibrary = DLib
__dlib_version  = 6


*******************************************************************************
*** HEAP SELECTION
***

The basic heap was selected because some modules are built with
size limitations (and not runtime checking), and --advanced_heap
was not specified.


*******************************************************************************
*** PLACEMENT SUMMARY
***

"A0":  place at 0x0 { ro section .intvec };
"P1":  place in [from 0x0 to 0x3'ffff] { ro };
define block CSTACK with size = 4K, alignment = 8 { };
define block HEAP with size = 8K, alignment = 8 { };
"P2":  place in [from 0x2000'0000 to 0x2000'7fff] {
          rw, block CSTACK, block HEAP };
initialize by copy { rw };

  Section            Kind         Address    Size  Object
  -------            ----         -------    ----  ------
"A0":                                        0xbc
  .intvec            const            0x0    0xbc  cstartup_M.o [1]
                                   - 0xbc    0xbc

"P1":                                      0x1f64
  .text              ro code         0xbc   0x914  SSD2119.o [1]
  .text              ro code        0x9d0   0x704  main.o [1]
  .text              ro code       0x10d4    0x1a  U32ToDbl.o [3]
  .text              ro code       0x10ee     0x2  cstartup_M.o [1]
  .text              ro code       0x10f0   0x1a2  DblMul.o [3]
  .text              ro code       0x1292     0x2  cstartup_M.o [1]
  .text              ro code       0x1294   0x246  DblDiv.o [3]
  .text              ro code       0x14da     0x2  cstartup_M.o [1]
  .text              ro code       0x14dc    0xe2  DblSub.o [3]
  .text              ro code       0x15be     0x2  cstartup_M.o [1]
  .text              ro code       0x15c0    0x3a  DblToS32.o [3]
  .text              ro code       0x15fa     0x2  cstartup_M.o [1]
  .text              ro code       0x15fc    0x22  S32ToDbl.o [3]
  .text              ro code       0x161e     0x2  cstartup_M.o [1]
  .text              ro code       0x1620    0x1e  math_wrappers64.o [3]
  .text              ro code       0x163e     0x2  cstartup_M.o [1]
  .text              ro code       0x1640   0x17a  DblAdd.o [3]
  .text              ro code       0x17ba     0x2  cstartup_M.o [1]
  .text              ro code       0x17bc    0x76  ABImemcpy_unaligned.o [4]
  .text              ro code       0x1832     0x2  cstartup_M.o [1]
  .text              ro code       0x1834   0x44c  cos_sin64.o [3]
  .text              ro code       0x1c80    0x2e  DblCmpLe.o [3]
  .rodata            const         0x1cb0   0x1e0  SSD2119.o [1]
  .text              ro code       0x1e90    0x38  packbits_init_single.o [4]
  .text              ro code       0x1ec8    0x28  data_init.o [4]
  .text              ro code       0x1ef0    0x22  fpinit_M.o [3]
  .iar.init_table    const         0x1f14    0x10  - Linker created -
  .rodata            const         0x1f24    0x20  SSD2119.o [1]
  .text              ro code       0x1f44    0x1e  cmain.o [4]
  .text              ro code       0x1f62     0x4  low_level_init.o [2]
  .text              ro code       0x1f66     0x4  exit.o [2]
  .text              ro code       0x1f6c     0xa  cexit.o [4]
  .text              ro code       0x1f78    0x14  exit.o [5]
  .rodata            const         0x1f8c    0x1c  main.o [1]
  .text              ro code       0x1fa8    0x10  cstartup_M.o [1]
  .rodata            const         0x1fb8     0x0  packbits_init_single.o [4]
  Initializer bytes  const         0x1fb8    0x68  <for P2-1>
                                 - 0x2020  0x1f64

"P2", part 1 of 2:                           0x7b
  P2-1                        0x2000'0000    0x7b  <Init block>
    .data            inited   0x2000'0000    0x30  main.o [1]
    .data            inited   0x2000'0030    0x30  main.o [1]
    .data            inited   0x2000'0060     0x4  main.o [1]
    .data            inited   0x2000'0064     0x4  main.o [1]
    .bss             inited   0x2000'0068     0x4  main.o [1]
    .bss             inited   0x2000'006c     0x4  main.o [1]
    .bss             inited   0x2000'0070     0x2  SSD2119.o [1]
    .bss             inited   0x2000'0072     0x2  SSD2119.o [1]
    .bss             inited   0x2000'0074     0x2  SSD2119.o [1]
    .bss             inited   0x2000'0076     0x2  SSD2119.o [1]
    .bss             inited   0x2000'0078     0x2  SSD2119.o [1]
    .bss             inited   0x2000'007a     0x1  main.o [1]
                            - 0x2000'007b    0x7b

"P2", part 2 of 2:                         0x1000
  CSTACK                      0x2000'0080  0x1000  <Block>
    CSTACK           uninit   0x2000'0080  0x1000  <Block tail>
                            - 0x2000'1080  0x1000

Unused ranges:

         From           To      Size
         ----           --      ----
       0x2020     0x3'ffff  0x3'dfe0
  0x2000'007b  0x2000'007f       0x5
  0x2000'1080  0x2000'7fff    0x6f80


*******************************************************************************
*** INIT TABLE
***

          Address      Size
          -------      ----
Copy/packbits (__iar_packbits_init_single3)
    1 source range, total size 0x68 (84% of destination):
               0x1fb8  0x68
    1 destination range, total size 0x7b:
          0x2000'0000  0x7b



*******************************************************************************
*** MODULE SUMMARY
***

    Module                  ro code  ro data  rw data
    ------                  -------  -------  -------
command line/config:
    -------------------------------------------------
    Total:

C:\Users\nikol\Documents\EE 474\github\474Group8\Debug\Obj: [1]
    SSD2119.o                 2 324      521       10
    cstartup_M.o                 34      188
    main.o                    1 796      123      113
    -------------------------------------------------
    Total:                    4 154      832      123

dl7M_tln.a: [2]
    exit.o                        4
    low_level_init.o              4
    -------------------------------------------------
    Total:                        8

m7M_tls.a: [3]
    DblAdd.o                    378
    DblCmpLe.o                   46
    DblDiv.o                    582
    DblMul.o                    418
    DblSub.o                    226
    DblToS32.o                   58
    S32ToDbl.o                   34
    U32ToDbl.o                   26
    cos_sin64.o               1 100
    fpinit_M.o                   34
    math_wrappers64.o            30
    -------------------------------------------------
    Total:                    2 932

rt7M_tl.a: [4]
    ABImemcpy_unaligned.o       118
    cexit.o                      10
    cmain.o                      30
    data_init.o                  40
    packbits_init_single.o       56
    -------------------------------------------------
    Total:                      254

shb_l.a: [5]
    exit.o                       20
    -------------------------------------------------
    Total:                       20

    Gaps                          4        4
    Linker created                        16    4 096
-----------------------------------------------------
    Grand Total:              7 372      852    4 219


*******************************************************************************
*** ENTRY LIST
***

Entry                       Address   Size  Type      Object
-----                       -------   ----  ----      ------
.iar.init_table$$Base        0x1f14          --   Gb  - Linker created -
.iar.init_table$$Limit       0x1f24          --   Gb  - Linker created -
?main                        0x1f45         Code  Gb  cmain.o [4]
ADC0_Handler                  0xc29   0x66  Code  Gb  main.o [1]
ADC_Init_                     0x701   0x80  Code  Gb  SSD2119.o [1]
ADC_Read                      0x789   0x26  Code  Gb  SSD2119.o [1]
ADC_SetChannel                0x7af   0x30  Code  Gb  SSD2119.o [1]
ASCII                        0x1cb0  0x1e0  Data  Lc  SSD2119.o [1]
CSTACK$$Base            0x2000'0080          --   Gb  - Linker created -
CSTACK$$Limit           0x2000'1080          --   Gb  - Linker created -
Color4                       0x1f24   0x20  Data  Gb  SSD2119.o [1]
FLAG                    0x2000'0068    0x4  Data  Gb  main.o [1]
Interrupt_Init                0xa51   0x3a  Code  Gb  main.o [1]
LCD_ColorFill                 0x3a9   0x16  Code  Gb  SSD2119.o [1]
LCD_DrawFilledRect            0x661   0x62  Code  Gb  SSD2119.o [1]
LCD_DrawLine                  0x585   0xdc  Code  Gb  SSD2119.o [1]
LCD_DrawPixel                 0x551   0x34  Code  Gb  SSD2119.o [1]
LCD_GPIOInit                   0xbd   0xa0  Code  Gb  SSD2119.o [1]
LCD_Init                      0x1e7  0x1a2  Code  Gb  SSD2119.o [1]
LCD_PrintChar                 0x3c9   0xcc  Code  Gb  SSD2119.o [1]
LCD_PrintInteger              0x4b7   0x6a  Code  Gb  SSD2119.o [1]
LCD_SetCursor                 0x495    0xe  Code  Gb  SSD2119.o [1]
LCD_SetTextColor              0x4a3   0x14  Code  Gb  SSD2119.o [1]
LCD_Switch                    0xf8d   0x98  Code  Gb  main.o [1]
LCD_WriteCommand              0x15d   0x42  Code  Gb  SSD2119.o [1]
LCD_WriteData                 0x19f   0x48  Code  Gb  SSD2119.o [1]
LED_ON                        0xf6f    0xe  Code  Gb  main.o [1]
PLL_Init                      0x9d1   0x80  Code  Gb  main.o [1]
PortF_Handler                 0xbaf   0x7a  Code  Gb  main.o [1]
Region$$Table$$Base          0x1f14          --   Gb  - Linker created -
Region$$Table$$Limit         0x1f24          --   Gb  - Linker created -
Rotate_X                      0xc8f   0xde  Code  Gb  main.o [1]
Rotate_Y                      0xd6d   0xda  Code  Gb  main.o [1]
STATE                   0x2000'007a    0x1  Data  Gb  main.o [1]
Timer0A_Handler               0xb99   0x16  Code  Gb  main.o [1]
Touch_Init                    0x6c3   0x3e  Code  Gb  SSD2119.o [1]
Touch_ReadX                   0x7e9   0xce  Code  Gb  SSD2119.o [1]
Touch_ReadY                   0x8bd   0xac  Code  Gb  SSD2119.o [1]
Touch_XVal              0x2000'0076    0x2  Data  Gb  SSD2119.o [1]
Touch_YVal              0x2000'0078    0x2  Data  Gb  SSD2119.o [1]
UART_Init                     0xa8b  0x10e  Code  Gb  main.o [1]
__aeabi_cdcmple              0x1c81         Code  Gb  DblCmpLe.o [3]
__aeabi_d2iz                 0x15c1         Code  Gb  DblToS32.o [3]
__aeabi_dadd                 0x1641         Code  Gb  DblAdd.o [3]
__aeabi_ddiv                 0x1295         Code  Gb  DblDiv.o [3]
__aeabi_dmul                 0x10f1         Code  Gb  DblMul.o [3]
__aeabi_dsub                 0x14dd         Code  Gb  DblSub.o [3]
__aeabi_i2d                  0x15fd         Code  Gb  S32ToDbl.o [3]
__aeabi_ui2d                 0x10d5         Code  Gb  U32ToDbl.o [3]
__cmain                      0x1f45         Code  Gb  cmain.o [4]
__exit                       0x1f79   0x14  Code  Gb  exit.o [5]
__iar_Sin64                  0x1835  0x3b2  Code  Lc  cos_sin64.o [3]
__iar_cos64                  0x1c79    0x4  Code  Gb  cos_sin64.o [3]
__iar_cos_medium             0x1c79    0x4  Code  Gb  cos_sin64.o [3]
__iar_cos_medium64           0x1c79    0x4  Code  Gb  cos_sin64.o [3]
__iar_cos_mediuml            0x1c79    0x4  Code  Gb  cos_sin64.o [3]
__iar_dadd                   0x14ed         Code  Gb  DblSub.o [3]
__iar_data_init3             0x1ec9   0x28  Code  Gb  data_init.o [4]
__iar_dsub                   0x1651         Code  Gb  DblAdd.o [3]
__iar_dsubStart              0x1663         Code  Gb  DblAdd.o [3]
__iar_init_vfp               0x1ef1         Code  Gb  fpinit_M.o [3]
__iar_packbits_init_single3
                             0x1e91   0x38  Code  Gb  packbits_init_single.o [4]
__iar_program_start          0x1fa9   0x10  Code  Gb  cstartup_M.o [1]
__iar_sin64                  0x1c7d    0x4  Code  Gb  cos_sin64.o [3]
__iar_sin_medium             0x1c7d    0x4  Code  Gb  cos_sin64.o [3]
__iar_sin_medium64           0x1c7d    0x4  Code  Gb  cos_sin64.o [3]
__iar_sin_mediuml            0x1c7d    0x4  Code  Gb  cos_sin64.o [3]
__iar_unaligned_memcpy       0x17bd         Code  Gb  ABImemcpy_unaligned.o [4]
__iar_unaligned_memcpy4
                             0x17dd         Code  Gb  ABImemcpy_unaligned.o [4]
__iar_unaligned_memcpy8
                             0x17dd         Code  Gb  ABImemcpy_unaligned.o [4]
__iar_vfp_cos                0x1627    0xc  Code  Gb  math_wrappers64.o [3]
__iar_vfp_sin                0x1633    0xc  Code  Gb  math_wrappers64.o [3]
__low_level_init             0x1f63    0x4  Code  Gb  low_level_init.o [2]
__vector_table                  0x0   0xbc  Data  Gb  cstartup_M.o [1]
_call_main                   0x1f51         Code  Gb  cmain.o [4]
_exit                        0x1f6d         Code  Gb  cexit.o [4]
_main                        0x1f5f         Code  Gb  cmain.o [4]
abs                           0x3bf    0xa  Code  Gb  SSD2119.o [1]
centerx                 0x2000'0060    0x4  Data  Gb  main.o [1]
centery                 0x2000'0064    0x4  Data  Gb  main.o [1]
convertColor                  0x389   0x20  Code  Gb  SSD2119.o [1]
cos                          0x1c79    0x4  Code  Gb  cos_sin64.o [3]
cosl                         0x1c79    0x4  Code  Gb  cos_sin64.o [3]
cursorX                 0x2000'0070    0x2  Data  Gb  SSD2119.o [1]
cursorY                 0x2000'0072    0x2  Data  Gb  SSD2119.o [1]
drawCube                      0xe47   0x7a  Code  Gb  main.o [1]
edges                   0x2000'0030   0x30  Data  Gb  main.o [1]
eraseCube                     0xec1   0x76  Code  Gb  main.o [1]
exit                         0x1f67    0x4  Code  Gb  exit.o [2]
main                          0xf37   0x38  Code  Gb  main.o [1]
nodes                   0x2000'0000   0x30  Data  Gb  main.o [1]
result                  0x2000'006c    0x4  Data  Gb  main.o [1]
sin                          0x1c7d    0x4  Code  Gb  cos_sin64.o [3]
sinl                         0x1c7d    0x4  Code  Gb  cos_sin64.o [3]
textColor               0x2000'0074    0x2  Data  Gb  SSD2119.o [1]


[1] = C:\Users\nikol\Documents\EE 474\github\474Group8\Debug\Obj
[2] = dl7M_tln.a
[3] = m7M_tls.a
[4] = rt7M_tl.a
[5] = shb_l.a

  7 372 bytes of readonly  code memory
    852 bytes of readonly  data memory
  4 219 bytes of readwrite data memory

Errors: none
Warnings: none
