###############################################################################
#
# IAR ELF Linker V8.30.1.114/W32 for ARM                  16/Jul/2018  15:19:34
# Copyright 2007-2018 IAR Systems AB.
#
#    Output file  =  
#        C:\Users\nikol\Documents\EE 474\github\474Group8\Debug\Exe\Lab 3.out
#    Map file     =  
#        C:\Users\nikol\Documents\EE 474\github\474Group8\Debug\List\Lab 3.map
#    Command line =  
#        -f C:\Users\nikol\AppData\Local\Temp\EW64DA.tmp
#        ("C:\Users\nikol\Documents\EE
#        474\github\474Group8\Debug\Obj\cstartup_M.o"
#        "C:\Users\nikol\Documents\EE 474\github\474Group8\Debug\Obj\main.o"
#        --no_out_extension -o "C:\Users\nikol\Documents\EE
#        474\github\474Group8\Debug\Exe\Lab 3.out" --redirect
#        _Printf=_PrintfFullNoMb --redirect _Scanf=_ScanfFullNoMb --map
#        "C:\Users\nikol\Documents\EE 474\github\474Group8\Debug\List\Lab
#        3.map" --config "C:\Program Files (x86)\IAR Systems\Embedded Workbench
#        8.1\arm\config\linker\TexasInstruments\TM4C123GH6.icf" --semihosting
#        --entry __iar_program_start --vfe --text_out locale)
#
###############################################################################

*******************************************************************************
*** RUNTIME MODEL ATTRIBUTES
***

CppFlavor       = *
__SystemLibrary = DLib
__dlib_version  = 6


*******************************************************************************
*** HEAP SELECTION
***

The basic heap was selected because some modules are built with
size limitations (and not runtime checking), and --advanced_heap
was not specified.


*******************************************************************************
*** PLACEMENT SUMMARY
***

"A0":  place at 0x0 { ro section .intvec };
"P1":  place in [from 0x0 to 0x3'ffff] { ro };
define block CSTACK with size = 4K, alignment = 8 { };
define block HEAP with size = 8K, alignment = 8 { };
"P2":  place in [from 0x2000'0000 to 0x2000'7fff] {
          rw, block CSTACK, block HEAP };

  Section          Kind         Address    Size  Object
  -------          ----         -------    ----  ------
"A0":                                      0xbc
  .intvec          const            0x0    0xbc  cstartup_M.o [1]
                                 - 0xbc    0xbc

"P1":                                     0xbec
  .text            ro code         0xbc   0x478  main.o [1]
  .text            ro code        0x534    0x1a  U32ToDbl.o [3]
  .text            ro code        0x54e    0x3a  zero_init3.o [4]
  .text            ro code        0x588   0x1a2  DblMul.o [3]
  .text            ro code        0x72a     0x2  cstartup_M.o [1]
  .text            ro code        0x72c   0x246  DblDiv.o [3]
  .text            ro code        0x972     0x2  cstartup_M.o [1]
  .text            ro code        0x974    0xe2  DblSub.o [3]
  .text            ro code        0xa56     0x2  cstartup_M.o [1]
  .text            ro code        0xa58    0x28  DblToU32.o [3]
  .text            ro code        0xa80   0x16a  DblAdd.o [3]
  .text            ro code        0xbea     0x2  cstartup_M.o [1]
  .text            ro code        0xbec    0x28  data_init.o [4]
  .text            ro code        0xc14    0x22  fpinit_M.o [3]
  .iar.init_table  const          0xc38    0x10  - Linker created -
  .text            ro code        0xc48     0x2  cstartup_M.o [1]
  .text            ro code        0xc4c    0x1e  cmain.o [4]
  .text            ro code        0xc6a     0x4  low_level_init.o [2]
  .text            ro code        0xc6e     0x4  exit.o [2]
  .text            ro code        0xc72     0x2  cstartup_M.o [1]
  .text            ro code        0xc74     0xa  cexit.o [4]
  .text            ro code        0xc7e     0x2  cstartup_M.o [1]
  .text            ro code        0xc80    0x14  exit.o [5]
  .text            ro code        0xc94    0x10  cstartup_M.o [1]
  .text            ro code        0xca4     0x2  cstartup_M.o [1]
  .text            ro code        0xca6     0x2  cstartup_M.o [1]
  .rodata          const          0xca8     0x0  zero_init3.o [4]
                                - 0xca8   0xbec

"P2", part 1 of 2:                          0xc
  .bss             zero     0x2000'0000     0x4  main.o [1]
  .bss             zero     0x2000'0004     0x4  main.o [1]
  .bss             zero     0x2000'0008     0x4  main.o [1]
                          - 0x2000'000c     0xc

"P2", part 2 of 2:                       0x1000
  CSTACK                    0x2000'0010  0x1000  <Block>
    CSTACK         uninit   0x2000'0010  0x1000  <Block tail>
                          - 0x2000'1010  0x1000

Unused ranges:

         From           To      Size
         ----           --      ----
        0xca8     0x3'ffff  0x3'f358
  0x2000'000c  0x2000'000f       0x4
  0x2000'1010  0x2000'7fff    0x6ff0


*******************************************************************************
*** INIT TABLE
***

          Address      Size
          -------      ----
Zero (__iar_zero_init3)
    1 destination range, total size 0xc:
          0x2000'0000   0xc



*******************************************************************************
*** MODULE SUMMARY
***

    Module            ro code  ro data  rw data
    ------            -------  -------  -------
command line/config:
    -------------------------------------------
    Total:

C:\Users\nikol\Documents\EE 474\github\474Group8\Debug\Obj: [1]
    cstartup_M.o           34      188
    main.o              1 144                12
    -------------------------------------------
    Total:              1 178      188       12

dl7M_tln.a: [2]
    exit.o                  4
    low_level_init.o        4
    -------------------------------------------
    Total:                  8

m7M_tls.a: [3]
    DblAdd.o              362
    DblDiv.o              582
    DblMul.o              418
    DblSub.o              226
    DblToU32.o             40
    U32ToDbl.o             26
    fpinit_M.o             34
    -------------------------------------------
    Total:              1 688

rt7M_tl.a: [4]
    cexit.o                10
    cmain.o                30
    data_init.o            40
    zero_init3.o           58
    -------------------------------------------
    Total:                138

shb_l.a: [5]
    exit.o                 20
    -------------------------------------------
    Total:                 20

    Gaps                    2        2
    Linker created                  16    4 096
-----------------------------------------------
    Grand Total:        3 034      206    4 108


*******************************************************************************
*** ENTRY LIST
***

Entry                       Address  Size  Type      Object
-----                       -------  ----  ----      ------
.iar.init_table$$Base         0xc38         --   Gb  - Linker created -
.iar.init_table$$Limit        0xc48         --   Gb  - Linker created -
?main                         0xc4d        Code  Gb  cmain.o [4]
ADC0_Handler                  0x313  0x4e  Code  Gb  main.o [1]
ADC_Init                       0xbd  0xa2  Code  Gb  main.o [1]
CSTACK$$Base            0x2000'0010         --   Gb  - Linker created -
CSTACK$$Limit           0x2000'1010         --   Gb  - Linker created -
FLAG                    0x2000'0004   0x4  Data  Gb  main.o [1]
Interrupt_Init                0x275  0x60  Code  Gb  main.o [1]
LED_OFF                       0x397   0x8  Code  Gb  main.o [1]
LED_ON                        0x389   0xe  Code  Gb  main.o [1]
PLL_Init                      0x15f  0x7e  Code  Gb  main.o [1]
PortA_Init                    0x1ff  0x38  Code  Gb  main.o [1]
PortF_Handler                 0x2ed  0x26  Code  Gb  main.o [1]
PortF_Init                    0x1dd  0x22  Code  Gb  main.o [1]
Region$$Table$$Base           0xc38         --   Gb  - Linker created -
Region$$Table$$Limit          0xc48         --   Gb  - Linker created -
STATE                   0x2000'0000   0x4  Data  Gb  main.o [1]
Switching                     0x39f  0xbc  Code  Gb  main.o [1]
Timer0A_Handler               0x2d5  0x18  Code  Gb  main.o [1]
Timer0_Init                   0x237  0x3e  Code  Gb  main.o [1]
__aeabi_d2uiz                 0xa59        Code  Gb  DblToU32.o [3]
__aeabi_ddiv                  0x72d        Code  Gb  DblDiv.o [3]
__aeabi_dmul                  0x589        Code  Gb  DblMul.o [3]
__aeabi_dsub                  0x975        Code  Gb  DblSub.o [3]
__aeabi_ui2d                  0x535        Code  Gb  U32ToDbl.o [3]
__cmain                       0xc4d        Code  Gb  cmain.o [4]
__exit                        0xc81  0x14  Code  Gb  exit.o [5]
__iar_dadd                    0x985        Code  Gb  DblSub.o [3]
__iar_data_init3              0xbed  0x28  Code  Gb  data_init.o [4]
__iar_dsub                    0xa81        Code  Gb  DblAdd.o [3]
__iar_dsubStart               0xa93        Code  Gb  DblAdd.o [3]
__iar_init_vfp                0xc15        Code  Gb  fpinit_M.o [3]
__iar_program_start           0xc95  0x10  Code  Gb  cstartup_M.o [1]
__iar_zero_init3              0x54f  0x3a  Code  Gb  zero_init3.o [4]
__low_level_init              0xc6b   0x4  Code  Gb  low_level_init.o [2]
__vector_table                  0x0  0xbc  Data  Gb  cstartup_M.o [1]
_call_main                    0xc59        Code  Gb  cmain.o [4]
_exit                         0xc75        Code  Gb  cexit.o [4]
_main                         0xc67        Code  Gb  cmain.o [4]
exit                          0xc6f   0x4  Code  Gb  exit.o [2]
main                          0x361  0x28  Code  Gb  main.o [1]
result                  0x2000'0008   0x4  Data  Gb  main.o [1]


[1] = C:\Users\nikol\Documents\EE 474\github\474Group8\Debug\Obj
[2] = dl7M_tln.a
[3] = m7M_tls.a
[4] = rt7M_tl.a
[5] = shb_l.a

  3 034 bytes of readonly  code memory
    206 bytes of readonly  data memory
  4 108 bytes of readwrite data memory

Errors: none
Warnings: none
