###############################################################################
#
# IAR ELF Linker V8.30.1.114/W32 for ARM                  18/Jul/2018  12:04:16
# Copyright 2007-2018 IAR Systems AB.
#
#    Output file  =  C:\Users\candy\474Group8\Debug\Exe\Lab 3.out
#    Map file     =  C:\Users\candy\474Group8\Debug\List\Lab 3.map
#    Command line =  
#        -f C:\Users\candy\AppData\Local\Temp\EW8F6F.tmp
#        (C:\Users\candy\474Group8\Debug\Obj\cstartup_M.o
#        C:\Users\candy\474Group8\Debug\Obj\main.o
#        C:\Users\candy\474Group8\Debug\Obj\SSD2119.o --no_out_extension -o
#        "C:\Users\candy\474Group8\Debug\Exe\Lab 3.out" --redirect
#        _Printf=_PrintfFullNoMb --redirect _Scanf=_ScanfFullNoMb --map
#        "C:\Users\candy\474Group8\Debug\List\Lab 3.map" --config "C:\Program
#        Files (x86)\IAR Systems\Embedded Workbench
#        8.1\arm\config\linker\TexasInstruments\TM4C123GH6.icf" --semihosting
#        --entry __iar_program_start --vfe --text_out locale)
#
###############################################################################

*******************************************************************************
*** RUNTIME MODEL ATTRIBUTES
***

CppFlavor       = *
__SystemLibrary = DLib
__dlib_version  = 6


*******************************************************************************
*** HEAP SELECTION
***

The basic heap was selected because some modules are built with
size limitations (and not runtime checking), and --advanced_heap
was not specified.


*******************************************************************************
*** PLACEMENT SUMMARY
***

"A0":  place at 0x0 { ro section .intvec };
"P1":  place in [from 0x0 to 0x3'ffff] { ro };
define block CSTACK with size = 4K, alignment = 8 { };
define block HEAP with size = 8K, alignment = 8 { };
"P2":  place in [from 0x2000'0000 to 0x2000'7fff] {
          rw, block CSTACK, block HEAP };

  Section          Kind         Address    Size  Object
  -------          ----         -------    ----  ------
"A0":                                      0xbc
  .intvec          const            0x0    0xbc  cstartup_M.o [1]
                                 - 0xbc    0xbc

"P1":                                     0xce6
  .text            ro code         0xbc   0x560  main.o [1]
  .text            ro code        0x61c    0x1a  U32ToDbl.o [3]
  .text            ro code        0x636    0x3a  zero_init3.o [4]
  .text            ro code        0x670   0x1a2  DblMul.o [3]
  .text            ro code        0x812     0x2  cstartup_M.o [1]
  .text            ro code        0x814   0x246  DblDiv.o [3]
  .text            ro code        0xa5a     0x2  cstartup_M.o [1]
  .text            ro code        0xa5c    0xe2  DblSub.o [3]
  .text            ro code        0xb3e     0x2  cstartup_M.o [1]
  .text            ro code        0xb40    0x3a  DblToS32.o [3]
  .text            ro code        0xb7a     0x2  cstartup_M.o [1]
  .text            ro code        0xb7c   0x16a  DblAdd.o [3]
  .text            ro code        0xce6     0x2  cstartup_M.o [1]
  .text            ro code        0xce8    0x28  data_init.o [4]
  .text            ro code        0xd10    0x22  fpinit_M.o [3]
  .iar.init_table  const          0xd34    0x10  - Linker created -
  .text            ro code        0xd44     0x2  cstartup_M.o [1]
  .text            ro code        0xd48    0x1e  cmain.o [4]
  .text            ro code        0xd66     0x4  low_level_init.o [2]
  .text            ro code        0xd6a     0x4  exit.o [2]
  .text            ro code        0xd6e     0x2  cstartup_M.o [1]
  .text            ro code        0xd70     0xa  cexit.o [4]
  .text            ro code        0xd7a     0x2  cstartup_M.o [1]
  .text            ro code        0xd7c    0x14  exit.o [5]
  .text            ro code        0xd90    0x10  cstartup_M.o [1]
  .text            ro code        0xda0     0x2  cstartup_M.o [1]
  .rodata          const          0xda2     0x0  zero_init3.o [4]
                                - 0xda2   0xce6

"P2", part 1 of 2:                          0xc
  .bss             zero     0x2000'0000     0x4  main.o [1]
  .bss             zero     0x2000'0004     0x4  main.o [1]
  .bss             zero     0x2000'0008     0x4  main.o [1]
                          - 0x2000'000c     0xc

"P2", part 2 of 2:                       0x1000
  CSTACK                    0x2000'0010  0x1000  <Block>
    CSTACK         uninit   0x2000'0010  0x1000  <Block tail>
                          - 0x2000'1010  0x1000

Unused ranges:

         From           To      Size
         ----           --      ----
        0xda2     0x3'ffff  0x3'f25e
  0x2000'000c  0x2000'000f       0x4
  0x2000'1010  0x2000'7fff    0x6ff0


*******************************************************************************
*** INIT TABLE
***

          Address      Size
          -------      ----
Zero (__iar_zero_init3)
    1 destination range, total size 0xc:
          0x2000'0000   0xc



*******************************************************************************
*** MODULE SUMMARY
***

    Module            ro code  ro data  rw data
    ------            -------  -------  -------
command line/config:
    -------------------------------------------
    Total:

C:\Users\candy\474Group8\Debug\Obj: [1]
    cstartup_M.o           34      188
    main.o              1 376                12
    -------------------------------------------
    Total:              1 410      188       12

dl7M_tln.a: [2]
    exit.o                  4
    low_level_init.o        4
    -------------------------------------------
    Total:                  8

m7M_tls.a: [3]
    DblAdd.o              362
    DblDiv.o              582
    DblMul.o              418
    DblSub.o              226
    DblToS32.o             58
    U32ToDbl.o             26
    fpinit_M.o             34
    -------------------------------------------
    Total:              1 706

rt7M_tl.a: [4]
    cexit.o                10
    cmain.o                30
    data_init.o            40
    zero_init3.o           58
    -------------------------------------------
    Total:                138

shb_l.a: [5]
    exit.o                 20
    -------------------------------------------
    Total:                 20

    Gaps                    2        2
    Linker created                  16    4 096
-----------------------------------------------
    Grand Total:        3 284      206    4 108


*******************************************************************************
*** ENTRY LIST
***

Entry                       Address  Size  Type      Object
-----                       -------  ----  ----      ------
.iar.init_table$$Base         0xd34         --   Gb  - Linker created -
.iar.init_table$$Limit        0xd44         --   Gb  - Linker created -
?main                         0xd49        Code  Gb  cmain.o [4]
ADC0_Handler                  0x3a5  0x6a  Code  Gb  main.o [1]
ADC_Init                       0xbd  0xa2  Code  Gb  main.o [1]
CSTACK$$Base            0x2000'0010         --   Gb  - Linker created -
CSTACK$$Limit           0x2000'1010         --   Gb  - Linker created -
FLAG                    0x2000'0004   0x4  Data  Gb  main.o [1]
Interrupt_Init                0x25b  0x6a  Code  Gb  main.o [1]
LED_OFF                       0x447   0x8  Code  Gb  main.o [1]
LED_ON                        0x439   0xe  Code  Gb  main.o [1]
PLL_Init                      0x15f  0x80  Code  Gb  main.o [1]
PortF_Handler                 0x37f  0x26  Code  Gb  main.o [1]
PortF_Init                    0x1df  0x30  Code  Gb  main.o [1]
Region$$Table$$Base           0xd34         --   Gb  - Linker created -
Region$$Table$$Limit          0xd44         --   Gb  - Linker created -
STATE                   0x2000'0000   0x4  Data  Gb  main.o [1]
Switching                     0x44f  0xd0  Code  Gb  main.o [1]
Timer0A_Handler               0x367  0x18  Code  Gb  main.o [1]
Timer0_Init                   0x20f  0x4c  Code  Gb  main.o [1]
UART_Init                     0x2c5  0xa2  Code  Gb  main.o [1]
__aeabi_d2iz                  0xb41        Code  Gb  DblToS32.o [3]
__aeabi_ddiv                  0x815        Code  Gb  DblDiv.o [3]
__aeabi_dmul                  0x671        Code  Gb  DblMul.o [3]
__aeabi_dsub                  0xa5d        Code  Gb  DblSub.o [3]
__aeabi_ui2d                  0x61d        Code  Gb  U32ToDbl.o [3]
__cmain                       0xd49        Code  Gb  cmain.o [4]
__exit                        0xd7d  0x14  Code  Gb  exit.o [5]
__iar_dadd                    0xa6d        Code  Gb  DblSub.o [3]
__iar_data_init3              0xce9  0x28  Code  Gb  data_init.o [4]
__iar_dsub                    0xb7d        Code  Gb  DblAdd.o [3]
__iar_dsubStart               0xb8f        Code  Gb  DblAdd.o [3]
__iar_init_vfp                0xd11        Code  Gb  fpinit_M.o [3]
__iar_program_start           0xd91  0x10  Code  Gb  cstartup_M.o [1]
__iar_zero_init3              0x637  0x3a  Code  Gb  zero_init3.o [4]
__low_level_init              0xd67   0x4  Code  Gb  low_level_init.o [2]
__vector_table                  0x0  0xbc  Data  Gb  cstartup_M.o [1]
_call_main                    0xd55        Code  Gb  cmain.o [4]
_exit                         0xd71        Code  Gb  cexit.o [4]
_main                         0xd63        Code  Gb  cmain.o [4]
exit                          0xd6b   0x4  Code  Gb  exit.o [2]
main                          0x40f  0x2a  Code  Gb  main.o [1]
result                  0x2000'0008   0x4  Data  Gb  main.o [1]


[1] = C:\Users\candy\474Group8\Debug\Obj
[2] = dl7M_tln.a
[3] = m7M_tls.a
[4] = rt7M_tl.a
[5] = shb_l.a

  3 284 bytes of readonly  code memory
    206 bytes of readonly  data memory
  4 108 bytes of readwrite data memory

Errors: none
Warnings: none
