###############################################################################
#
# IAR ELF Linker V8.30.1.114/W32 for ARM                  18/Jul/2018  15:02:13
# Copyright 2007-2018 IAR Systems AB.
#
#    Output file  =  
#        C:\Users\nikol\Documents\EE 474\github\474Group8\Debug\Exe\Lab 3.out
#    Map file     =  
#        C:\Users\nikol\Documents\EE 474\github\474Group8\Debug\List\Lab 3.map
#    Command line =  
#        -f C:\Users\nikol\AppData\Local\Temp\EW3C93.tmp
#        ("C:\Users\nikol\Documents\EE
#        474\github\474Group8\Debug\Obj\cstartup_M.o"
#        "C:\Users\nikol\Documents\EE 474\github\474Group8\Debug\Obj\main.o"
#        --no_out_extension -o "C:\Users\nikol\Documents\EE
#        474\github\474Group8\Debug\Exe\Lab 3.out" --redirect
#        _Printf=_PrintfFullNoMb --redirect _Scanf=_ScanfFullNoMb --map
#        "C:\Users\nikol\Documents\EE 474\github\474Group8\Debug\List\Lab
#        3.map" --config "C:\Program Files (x86)\IAR Systems\Embedded Workbench
#        8.1\arm\config\linker\TexasInstruments\TM4C123GH6.icf" --semihosting
#        --entry __iar_program_start --vfe --text_out locale)
#
###############################################################################

*******************************************************************************
*** RUNTIME MODEL ATTRIBUTES
***

CppFlavor       = *
__SystemLibrary = DLib
__dlib_version  = 6


*******************************************************************************
*** HEAP SELECTION
***

The basic heap was selected because some modules are built with
size limitations (and not runtime checking), and --advanced_heap
was not specified.


*******************************************************************************
*** PLACEMENT SUMMARY
***

"A0":  place at 0x0 { ro section .intvec };
"P1":  place in [from 0x0 to 0x3'ffff] { ro };
define block CSTACK with size = 4K, alignment = 8 { };
define block HEAP with size = 8K, alignment = 8 { };
"P2":  place in [from 0x2000'0000 to 0x2000'7fff] {
          rw, block CSTACK, block HEAP };

  Section          Kind         Address    Size  Object
  -------          ----         -------    ----  ------
"A0":                                      0xbc
  .intvec          const            0x0    0xbc  cstartup_M.o [1]
                                 - 0xbc    0xbc

"P1":                                     0xd7e
  .text            ro code         0xbc   0x5f8  main.o [1]
  .text            ro code        0x6b4    0x1a  U32ToDbl.o [3]
  .text            ro code        0x6ce    0x3a  zero_init3.o [4]
  .text            ro code        0x708   0x1a2  DblMul.o [3]
  .text            ro code        0x8aa     0x2  cstartup_M.o [1]
  .text            ro code        0x8ac   0x246  DblDiv.o [3]
  .text            ro code        0xaf2     0x2  cstartup_M.o [1]
  .text            ro code        0xaf4    0xe2  DblSub.o [3]
  .text            ro code        0xbd6     0x2  cstartup_M.o [1]
  .text            ro code        0xbd8    0x3a  DblToS32.o [3]
  .text            ro code        0xc12     0x2  cstartup_M.o [1]
  .text            ro code        0xc14   0x16a  DblAdd.o [3]
  .text            ro code        0xd7e     0x2  cstartup_M.o [1]
  .text            ro code        0xd80    0x28  data_init.o [4]
  .text            ro code        0xda8    0x22  fpinit_M.o [3]
  .iar.init_table  const          0xdcc    0x10  - Linker created -
  .text            ro code        0xddc     0x2  cstartup_M.o [1]
  .text            ro code        0xde0    0x1e  cmain.o [4]
  .text            ro code        0xdfe     0x4  low_level_init.o [2]
  .text            ro code        0xe02     0x4  exit.o [2]
  .text            ro code        0xe06     0x2  cstartup_M.o [1]
  .text            ro code        0xe08     0xa  cexit.o [4]
  .text            ro code        0xe12     0x2  cstartup_M.o [1]
  .text            ro code        0xe14    0x14  exit.o [5]
  .text            ro code        0xe28    0x10  cstartup_M.o [1]
  .text            ro code        0xe38     0x2  cstartup_M.o [1]
  .rodata          const          0xe3a     0x0  zero_init3.o [4]
                                - 0xe3a   0xd7e

"P2", part 1 of 2:                          0xc
  .bss             zero     0x2000'0000     0x4  main.o [1]
  .bss             zero     0x2000'0004     0x4  main.o [1]
  .bss             zero     0x2000'0008     0x4  main.o [1]
                          - 0x2000'000c     0xc

"P2", part 2 of 2:                       0x1000
  CSTACK                    0x2000'0010  0x1000  <Block>
    CSTACK         uninit   0x2000'0010  0x1000  <Block tail>
                          - 0x2000'1010  0x1000

Unused ranges:

         From           To      Size
         ----           --      ----
        0xe3a     0x3'ffff  0x3'f1c6
  0x2000'000c  0x2000'000f       0x4
  0x2000'1010  0x2000'7fff    0x6ff0


*******************************************************************************
*** INIT TABLE
***

          Address      Size
          -------      ----
Zero (__iar_zero_init3)
    1 destination range, total size 0xc:
          0x2000'0000   0xc



*******************************************************************************
*** MODULE SUMMARY
***

    Module            ro code  ro data  rw data
    ------            -------  -------  -------
command line/config:
    -------------------------------------------
    Total:

C:\Users\nikol\Documents\EE 474\github\474Group8\Debug\Obj: [1]
    cstartup_M.o           34      188
    main.o              1 528                12
    -------------------------------------------
    Total:              1 562      188       12

dl7M_tln.a: [2]
    exit.o                  4
    low_level_init.o        4
    -------------------------------------------
    Total:                  8

m7M_tls.a: [3]
    DblAdd.o              362
    DblDiv.o              582
    DblMul.o              418
    DblSub.o              226
    DblToS32.o             58
    U32ToDbl.o             26
    fpinit_M.o             34
    -------------------------------------------
    Total:              1 706

rt7M_tl.a: [4]
    cexit.o                10
    cmain.o                30
    data_init.o            40
    zero_init3.o           58
    -------------------------------------------
    Total:                138

shb_l.a: [5]
    exit.o                 20
    -------------------------------------------
    Total:                 20

    Gaps                    2        2
    Linker created                  16    4 096
-----------------------------------------------
    Grand Total:        3 436      206    4 108


*******************************************************************************
*** ENTRY LIST
***

Entry                       Address  Size  Type      Object
-----                       -------  ----  ----      ------
.iar.init_table$$Base         0xdcc         --   Gb  - Linker created -
.iar.init_table$$Limit        0xddc         --   Gb  - Linker created -
?main                         0xde1        Code  Gb  cmain.o [4]
ADC0_Handler                  0x449  0x54  Code  Gb  main.o [1]
ADC_Init                       0xbd  0xa2  Code  Gb  main.o [1]
CSTACK$$Base            0x2000'0010         --   Gb  - Linker created -
CSTACK$$Limit           0x2000'1010         --   Gb  - Linker created -
FLAG                    0x2000'0000   0x4  Data  Gb  main.o [1]
Interrupt_Init                0x257  0x72  Code  Gb  main.o [1]
LED_OFF                       0x4d7   0x8  Code  Gb  main.o [1]
LED_ON                        0x4c9   0xe  Code  Gb  main.o [1]
PLL_Init                      0x15f  0x80  Code  Gb  main.o [1]
PortF_Handler                 0x3df  0x6a  Code  Gb  main.o [1]
PortF_Init                    0x1df  0x30  Code  Gb  main.o [1]
Region$$Table$$Base           0xdcc         --   Gb  - Linker created -
Region$$Table$$Limit          0xddc         --   Gb  - Linker created -
Switching                     0x4df  0xbc  Code  Gb  main.o [1]
Timer0A_Handler               0x3c7  0x18  Code  Gb  main.o [1]
Timer0_Init                   0x20f  0x48  Code  Gb  main.o [1]
UART_Init                     0x2c9  0xee  Code  Gb  main.o [1]
__aeabi_d2iz                  0xbd9        Code  Gb  DblToS32.o [3]
__aeabi_ddiv                  0x8ad        Code  Gb  DblDiv.o [3]
__aeabi_dmul                  0x709        Code  Gb  DblMul.o [3]
__aeabi_dsub                  0xaf5        Code  Gb  DblSub.o [3]
__aeabi_ui2d                  0x6b5        Code  Gb  U32ToDbl.o [3]
__cmain                       0xde1        Code  Gb  cmain.o [4]
__exit                        0xe15  0x14  Code  Gb  exit.o [5]
__iar_dadd                    0xb05        Code  Gb  DblSub.o [3]
__iar_data_init3              0xd81  0x28  Code  Gb  data_init.o [4]
__iar_dsub                    0xc15        Code  Gb  DblAdd.o [3]
__iar_dsubStart               0xc27        Code  Gb  DblAdd.o [3]
__iar_init_vfp                0xda9        Code  Gb  fpinit_M.o [3]
__iar_program_start           0xe29  0x10  Code  Gb  cstartup_M.o [1]
__iar_zero_init3              0x6cf  0x3a  Code  Gb  zero_init3.o [4]
__low_level_init              0xdff   0x4  Code  Gb  low_level_init.o [2]
__vector_table                  0x0  0xbc  Data  Gb  cstartup_M.o [1]
_call_main                    0xded        Code  Gb  cmain.o [4]
_exit                         0xe09        Code  Gb  cexit.o [4]
_main                         0xdfb        Code  Gb  cmain.o [4]
exit                          0xe03   0x4  Code  Gb  exit.o [2]
main                          0x49d  0x2c  Code  Gb  main.o [1]
output                  0x2000'0008   0x4  Data  Gb  main.o [1]
result                  0x2000'0004   0x4  Data  Gb  main.o [1]
transmit                      0x3b7  0x10  Code  Gb  main.o [1]


[1] = C:\Users\nikol\Documents\EE 474\github\474Group8\Debug\Obj
[2] = dl7M_tln.a
[3] = m7M_tls.a
[4] = rt7M_tl.a
[5] = shb_l.a

  3 436 bytes of readonly  code memory
    206 bytes of readonly  data memory
  4 108 bytes of readwrite data memory

Errors: none
Warnings: none
