###############################################################################
#
# IAR ELF Linker V8.30.1.114/W32 for ARM                  20/Jul/2018  01:47:20
# Copyright 2007-2018 IAR Systems AB.
#
#    Output file  =  C:\Users\candy\474Group8\Debug\Exe\Lab 3.out
#    Map file     =  C:\Users\candy\474Group8\Debug\List\Lab 3.map
#    Command line =  
#        -f C:\Users\candy\AppData\Local\Temp\EW78C6.tmp
#        (C:\Users\candy\474Group8\Debug\Obj\cstartup_M.o
#        C:\Users\candy\474Group8\Debug\Obj\main.o
#        C:\Users\candy\474Group8\Debug\Obj\SSD2119.o --no_out_extension -o
#        "C:\Users\candy\474Group8\Debug\Exe\Lab 3.out" --redirect
#        _Printf=_PrintfFullNoMb --redirect _Scanf=_ScanfFullNoMb --map
#        "C:\Users\candy\474Group8\Debug\List\Lab 3.map" --config "C:\Program
#        Files (x86)\IAR Systems\Embedded Workbench
#        8.1\arm\config\linker\TexasInstruments\TM4C123GH6.icf" --semihosting
#        --entry __iar_program_start --vfe --text_out locale)
#
###############################################################################

*******************************************************************************
*** RUNTIME MODEL ATTRIBUTES
***

CppFlavor       = *
__SystemLibrary = DLib
__dlib_version  = 6


*******************************************************************************
*** HEAP SELECTION
***

The basic heap was selected because some modules are built with
size limitations (and not runtime checking), and --advanced_heap
was not specified.


*******************************************************************************
*** PLACEMENT SUMMARY
***

"A0":  place at 0x0 { ro section .intvec };
"P1":  place in [from 0x0 to 0x3'ffff] { ro };
define block CSTACK with size = 4K, alignment = 8 { };
define block HEAP with size = 8K, alignment = 8 { };
"P2":  place in [from 0x2000'0000 to 0x2000'7fff] {
          rw, block CSTACK, block HEAP };
initialize by copy { rw };

  Section            Kind         Address    Size  Object
  -------            ----         -------    ----  ------
"A0":                                        0xbc
  .intvec            const            0x0    0xbc  cstartup_M.o [1]
                                   - 0xbc    0xbc

"P1":                                      0x1eb0
  .text              ro code         0xbc   0x994  SSD2119.o [1]
  .text              ro code        0xa50   0x648  main.o [1]
  .text              ro code       0x1098    0x1a  U32ToDbl.o [3]
  .text              ro code       0x10b2    0x7a  lz77_init_single.o [4]
  .text              ro code       0x112c   0x1a2  DblMul.o [3]
  .text              ro code       0x12ce     0x2  cstartup_M.o [1]
  .text              ro code       0x12d0   0x246  DblDiv.o [3]
  .text              ro code       0x1516     0x2  cstartup_M.o [1]
  .text              ro code       0x1518    0xe2  DblSub.o [3]
  .text              ro code       0x15fa     0x2  cstartup_M.o [1]
  .text              ro code       0x15fc    0x3a  DblToS32.o [3]
  .text              ro code       0x1636     0x2  cstartup_M.o [1]
  .text              ro code       0x1638   0x17a  DblAdd.o [3]
  .text              ro code       0x17b2     0x2  cstartup_M.o [1]
  .text              ro code       0x17b4    0x22  S32ToDbl.o [3]
  .text              ro code       0x17d6     0x2  cstartup_M.o [1]
  .text              ro code       0x17d8    0x1e  math_wrappers64.o [3]
  .text              ro code       0x17f6     0x2  cstartup_M.o [1]
  .text              ro code       0x17f8   0x44c  cos_sin64.o [3]
  .text              ro code       0x1c44    0x2e  DblCmpLe.o [3]
  .text              ro code       0x1c72     0x2  cstartup_M.o [1]
  .rodata            const         0x1c74   0x1e0  SSD2119.o [1]
  .text              ro code       0x1e54    0x28  data_init.o [4]
  .text              ro code       0x1e7c    0x22  fpinit_M.o [3]
  .iar.init_table    const         0x1ea0    0x10  - Linker created -
  .text              ro code       0x1eb0     0x2  cstartup_M.o [1]
  .rodata            const         0x1eb4    0x20  SSD2119.o [1]
  .text              ro code       0x1ed4    0x1e  cmain.o [4]
  .text              ro code       0x1ef2     0x4  low_level_init.o [2]
  .text              ro code       0x1ef6     0x4  exit.o [2]
  .text              ro code       0x1efa     0x2  cstartup_M.o [1]
  .text              ro code       0x1efc     0xa  cexit.o [4]
  .text              ro code       0x1f08    0x14  exit.o [5]
  .text              ro code       0x1f1c    0x10  cstartup_M.o [1]
  .rodata            const         0x1f2c     0x0  lz77_init_single.o [4]
  Initializer bytes  const         0x1f2c    0x40  <for P2-1>
                                 - 0x1f6c  0x1eb0

"P2", part 1 of 2:                          0x117
  P2-1                        0x2000'0000   0x117  <Init block>
    .data            inited   0x2000'0000    0xc0  main.o [1]
    .data            inited   0x2000'00c0    0x30  main.o [1]
    .bss             inited   0x2000'00f0     0x4  main.o [1]
    .bss             inited   0x2000'00f4     0x4  main.o [1]
    .bss             inited   0x2000'00f8     0x4  main.o [1]
    .bss             inited   0x2000'00fc     0x4  main.o [1]
    .bss             inited   0x2000'0100     0x4  main.o [1]
    .bss             inited   0x2000'0104     0x4  main.o [1]
    .bss             inited   0x2000'0108     0x4  main.o [1]
    .bss             inited   0x2000'010c     0x2  SSD2119.o [1]
    .bss             inited   0x2000'010e     0x2  SSD2119.o [1]
    .bss             inited   0x2000'0110     0x2  SSD2119.o [1]
    .bss             inited   0x2000'0112     0x2  SSD2119.o [1]
    .bss             inited   0x2000'0114     0x2  SSD2119.o [1]
    .bss             inited   0x2000'0116     0x1  main.o [1]
                            - 0x2000'0117   0x117

"P2", part 2 of 2:                         0x1000
  CSTACK                      0x2000'0118  0x1000  <Block>
    CSTACK           uninit   0x2000'0118  0x1000  <Block tail>
                            - 0x2000'1118  0x1000

Unused ranges:

         From           To      Size
         ----           --      ----
       0x1f6c     0x3'ffff  0x3'e094
  0x2000'0117  0x2000'0117       0x1
  0x2000'1118  0x2000'7fff    0x6ee8


*******************************************************************************
*** INIT TABLE
***

          Address      Size
          -------      ----
Copy/lz77 (__iar_lz77_init_single3)
    1 source range, total size 0x40 (22% of destination):
               0x1f2c   0x40
    1 destination range, total size 0x117:
          0x2000'0000  0x117



*******************************************************************************
*** MODULE SUMMARY
***

    Module              ro code  ro data  rw data
    ------              -------  -------  -------
command line/config:
    ---------------------------------------------
    Total:

C:\Users\candy\474Group8\Debug\Obj: [1]
    SSD2119.o             2 452      514       10
    cstartup_M.o             36      188
    main.o                1 608       62      269
    ---------------------------------------------
    Total:                4 096      764      279

dl7M_tln.a: [2]
    exit.o                    4
    low_level_init.o          4
    ---------------------------------------------
    Total:                    8

m7M_tls.a: [3]
    DblAdd.o                378
    DblCmpLe.o               46
    DblDiv.o                582
    DblMul.o                418
    DblSub.o                226
    DblToS32.o               58
    S32ToDbl.o               34
    U32ToDbl.o               26
    cos_sin64.o           1 100
    fpinit_M.o               34
    math_wrappers64.o        30
    ---------------------------------------------
    Total:                2 932

rt7M_tl.a: [4]
    cexit.o                  10
    cmain.o                  30
    data_init.o              40
    lz77_init_single.o      122
    ---------------------------------------------
    Total:                  202

shb_l.a: [5]
    exit.o                   20
    ---------------------------------------------
    Total:                   20

    Gaps                      2        4
    Linker created                    16    4 096
-------------------------------------------------
    Grand Total:          7 260      784    4 375


*******************************************************************************
*** ENTRY LIST
***

Entry                       Address   Size  Type      Object
-----                       -------   ----  ----      ------
.iar.init_table$$Base        0x1ea0          --   Gb  - Linker created -
.iar.init_table$$Limit       0x1eb0          --   Gb  - Linker created -
?main                        0x1ed5         Code  Gb  cmain.o [4]
ADC0_Handler                  0xba3   0x66  Code  Gb  main.o [1]
ADC_Init_                     0x701   0x80  Code  Gb  SSD2119.o [1]
ADC_Read                      0x789   0x26  Code  Gb  SSD2119.o [1]
ADC_SetChannel                0x7af   0x30  Code  Gb  SSD2119.o [1]
ASCII                        0x1c74  0x1e0  Data  Lc  SSD2119.o [1]
CSTACK$$Base            0x2000'0118          --   Gb  - Linker created -
CSTACK$$Limit           0x2000'1118          --   Gb  - Linker created -
Color4                       0x1eb4   0x20  Data  Gb  SSD2119.o [1]
Draw_Cube                     0xd1d   0xbe  Code  Gb  main.o [1]
Erase_Cube                    0xde1   0xbe  Code  Gb  main.o [1]
FLAG                    0x2000'00f8    0x4  Data  Gb  main.o [1]
LCD_ColorFill                 0x3a9   0x16  Code  Gb  SSD2119.o [1]
LCD_Cube                      0xc13   0xe4  Code  Gb  main.o [1]
LCD_DrawFilledRect            0x661   0x62  Code  Gb  SSD2119.o [1]
LCD_DrawLine                  0x585   0xdc  Code  Gb  SSD2119.o [1]
LCD_DrawPixel                 0x551   0x34  Code  Gb  SSD2119.o [1]
LCD_GPIOInit                   0xbd   0xa0  Code  Gb  SSD2119.o [1]
LCD_Init                      0x1e7  0x1a2  Code  Gb  SSD2119.o [1]
LCD_PrintChar                 0x3c9   0xcc  Code  Gb  SSD2119.o [1]
LCD_PrintInteger              0x4b7   0x6a  Code  Gb  SSD2119.o [1]
LCD_SetCursor                 0x495    0xe  Code  Gb  SSD2119.o [1]
LCD_SetTextColor              0x4a3   0x14  Code  Gb  SSD2119.o [1]
LCD_WriteCommand              0x15d   0x42  Code  Gb  SSD2119.o [1]
LCD_WriteData                 0x19f   0x48  Code  Gb  SSD2119.o [1]
PLL_Init                      0xa51   0xa0  Code  Gb  main.o [1]
PortF_Handler                 0xb75   0x2e  Code  Gb  main.o [1]
Region$$Table$$Base          0x1ea0          --   Gb  - Linker created -
Region$$Table$$Limit         0x1eb0          --   Gb  - Linker created -
Rotate_X                      0xea5   0xc8  Code  Gb  main.o [1]
Rotate_Y                      0xf6d   0xc8  Code  Gb  main.o [1]
SW                      0x2000'0100    0x4  Data  Gb  main.o [1]
TIMER_2                 0x2000'0104    0x4  Data  Gb  main.o [1]
TIMER_5                 0x2000'0108    0x4  Data  Gb  main.o [1]
TOUCH_ENABLE            0x2000'0116    0x1  Data  Gb  main.o [1]
Timer0A_Handler               0xb39   0x3c  Code  Gb  main.o [1]
Timer0_Init                   0xaf1   0x48  Code  Gb  main.o [1]
Touch_BeginWaitForTouch
                              0x969   0x64  Code  Gb  SSD2119.o [1]
Touch_Init                    0x6c3   0x3e  Code  Gb  SSD2119.o [1]
Touch_ReadX                   0x7e9   0xca  Code  Gb  SSD2119.o [1]
Touch_ReadY                   0x8b9   0xac  Code  Gb  SSD2119.o [1]
Touch_XVal              0x2000'0112    0x2  Data  Gb  SSD2119.o [1]
Touch_YVal              0x2000'0114    0x2  Data  Gb  SSD2119.o [1]
__aeabi_cdcmple              0x1c45         Code  Gb  DblCmpLe.o [3]
__aeabi_d2iz                 0x15fd         Code  Gb  DblToS32.o [3]
__aeabi_dadd                 0x1639         Code  Gb  DblAdd.o [3]
__aeabi_ddiv                 0x12d1         Code  Gb  DblDiv.o [3]
__aeabi_dmul                 0x112d         Code  Gb  DblMul.o [3]
__aeabi_dsub                 0x1519         Code  Gb  DblSub.o [3]
__aeabi_i2d                  0x17b5         Code  Gb  S32ToDbl.o [3]
__aeabi_ui2d                 0x1099         Code  Gb  U32ToDbl.o [3]
__cmain                      0x1ed5         Code  Gb  cmain.o [4]
__exit                       0x1f09   0x14  Code  Gb  exit.o [5]
__iar_Sin64                  0x17f9  0x3b2  Code  Lc  cos_sin64.o [3]
__iar_cos64                  0x1c3d    0x4  Code  Gb  cos_sin64.o [3]
__iar_cos_medium             0x1c3d    0x4  Code  Gb  cos_sin64.o [3]
__iar_cos_medium64           0x1c3d    0x4  Code  Gb  cos_sin64.o [3]
__iar_cos_mediuml            0x1c3d    0x4  Code  Gb  cos_sin64.o [3]
__iar_dadd                   0x1529         Code  Gb  DblSub.o [3]
__iar_data_init3             0x1e55   0x28  Code  Gb  data_init.o [4]
__iar_dsub                   0x1649         Code  Gb  DblAdd.o [3]
__iar_dsubStart              0x165b         Code  Gb  DblAdd.o [3]
__iar_init_vfp               0x1e7d         Code  Gb  fpinit_M.o [3]
__iar_lz77_init_single3
                             0x10b3   0x7a  Code  Gb  lz77_init_single.o [4]
__iar_program_start          0x1f1d   0x10  Code  Gb  cstartup_M.o [1]
__iar_sin64                  0x1c41    0x4  Code  Gb  cos_sin64.o [3]
__iar_sin_medium             0x1c41    0x4  Code  Gb  cos_sin64.o [3]
__iar_sin_medium64           0x1c41    0x4  Code  Gb  cos_sin64.o [3]
__iar_sin_mediuml            0x1c41    0x4  Code  Gb  cos_sin64.o [3]
__iar_vfp_cos                0x17df    0xc  Code  Gb  math_wrappers64.o [3]
__iar_vfp_sin                0x17eb    0xc  Code  Gb  math_wrappers64.o [3]
__low_level_init             0x1ef3    0x4  Code  Gb  low_level_init.o [2]
__vector_table                  0x0   0xbc  Data  Gb  cstartup_M.o [1]
_call_main                   0x1ee1         Code  Gb  cmain.o [4]
_exit                        0x1efd         Code  Gb  cexit.o [4]
_main                        0x1eef         Code  Gb  cmain.o [4]
abs                           0x3bf    0xa  Code  Gb  SSD2119.o [1]
convertColor                  0x389   0x20  Code  Gb  SSD2119.o [1]
cos                          0x1c3d    0x4  Code  Gb  cos_sin64.o [3]
cosl                         0x1c3d    0x4  Code  Gb  cos_sin64.o [3]
cursorX                 0x2000'010c    0x2  Data  Gb  SSD2119.o [1]
cursorY                 0x2000'010e    0x2  Data  Gb  SSD2119.o [1]
edges                   0x2000'00c0   0x30  Data  Gb  main.o [1]
exit                         0x1ef7    0x4  Code  Gb  exit.o [2]
main                          0xc09    0xa  Code  Gb  main.o [1]
nodes                   0x2000'0000   0xc0  Data  Gb  main.o [1]
result                  0x2000'00fc    0x4  Data  Gb  main.o [1]
sin                          0x1c41    0x4  Code  Gb  cos_sin64.o [3]
sinl                         0x1c41    0x4  Code  Gb  cos_sin64.o [3]
textColor               0x2000'0110    0x2  Data  Gb  SSD2119.o [1]
xPos                    0x2000'00f0    0x4  Data  Gb  main.o [1]
yPos                    0x2000'00f4    0x4  Data  Gb  main.o [1]


[1] = C:\Users\candy\474Group8\Debug\Obj
[2] = dl7M_tln.a
[3] = m7M_tls.a
[4] = rt7M_tl.a
[5] = shb_l.a

  7 260 bytes of readonly  code memory
    784 bytes of readonly  data memory
  4 375 bytes of readwrite data memory

Errors: none
Warnings: none
