###############################################################################
#
# IAR ELF Linker V8.30.1.114/W32 for ARM                  17/Jul/2018  16:12:49
# Copyright 2007-2018 IAR Systems AB.
#
#    Output file  =  C:\Users\candy\474Group8\Debug\Exe\Lab 3.out
#    Map file     =  C:\Users\candy\474Group8\Debug\List\Lab 3.map
#    Command line =  
#        -f C:\Users\candy\AppData\Local\Temp\EWC12B.tmp
#        (C:\Users\candy\474Group8\Debug\Obj\cstartup_M.o
#        C:\Users\candy\474Group8\Debug\Obj\main.o --no_out_extension -o
#        "C:\Users\candy\474Group8\Debug\Exe\Lab 3.out" --redirect
#        _Printf=_PrintfFullNoMb --redirect _Scanf=_ScanfFullNoMb --map
#        "C:\Users\candy\474Group8\Debug\List\Lab 3.map" --config "C:\Program
#        Files (x86)\IAR Systems\Embedded Workbench
#        8.1\arm\config\linker\TexasInstruments\TM4C123GH6.icf" --semihosting
#        --entry __iar_program_start --vfe --text_out locale)
#
###############################################################################

*******************************************************************************
*** RUNTIME MODEL ATTRIBUTES
***

CppFlavor       = *
__SystemLibrary = DLib
__dlib_version  = 6


*******************************************************************************
*** HEAP SELECTION
***

The basic heap was selected because some modules are built with
size limitations (and not runtime checking), and --advanced_heap
was not specified.


*******************************************************************************
*** PLACEMENT SUMMARY
***

"A0":  place at 0x0 { ro section .intvec };
"P1":  place in [from 0x0 to 0x3'ffff] { ro };
define block CSTACK with size = 4K, alignment = 8 { };
define block HEAP with size = 8K, alignment = 8 { };
"P2":  place in [from 0x2000'0000 to 0x2000'7fff] {
          rw, block CSTACK, block HEAP };

  Section          Kind         Address    Size  Object
  -------          ----         -------    ----  ------
"A0":                                      0xbc
  .intvec          const            0x0    0xbc  cstartup_M.o [1]
                                 - 0xbc    0xbc

"P1":                                     0xcc6
  .text            ro code         0xbc   0x540  main.o [1]
  .text            ro code        0x5fc    0x1a  U32ToDbl.o [3]
  .text            ro code        0x616    0x3a  zero_init3.o [4]
  .text            ro code        0x650   0x1a2  DblMul.o [3]
  .text            ro code        0x7f2     0x2  cstartup_M.o [1]
  .text            ro code        0x7f4   0x246  DblDiv.o [3]
  .text            ro code        0xa3a     0x2  cstartup_M.o [1]
  .text            ro code        0xa3c    0xe2  DblSub.o [3]
  .text            ro code        0xb1e     0x2  cstartup_M.o [1]
  .text            ro code        0xb20    0x3a  DblToS32.o [3]
  .text            ro code        0xb5a     0x2  cstartup_M.o [1]
  .text            ro code        0xb5c   0x16a  DblAdd.o [3]
  .text            ro code        0xcc6     0x2  cstartup_M.o [1]
  .text            ro code        0xcc8    0x28  data_init.o [4]
  .text            ro code        0xcf0    0x22  fpinit_M.o [3]
  .iar.init_table  const          0xd14    0x10  - Linker created -
  .text            ro code        0xd24     0x2  cstartup_M.o [1]
  .text            ro code        0xd28    0x1e  cmain.o [4]
  .text            ro code        0xd46     0x4  low_level_init.o [2]
  .text            ro code        0xd4a     0x4  exit.o [2]
  .text            ro code        0xd4e     0x2  cstartup_M.o [1]
  .text            ro code        0xd50     0xa  cexit.o [4]
  .text            ro code        0xd5a     0x2  cstartup_M.o [1]
  .text            ro code        0xd5c    0x14  exit.o [5]
  .text            ro code        0xd70    0x10  cstartup_M.o [1]
  .text            ro code        0xd80     0x2  cstartup_M.o [1]
  .rodata          const          0xd82     0x0  zero_init3.o [4]
                                - 0xd82   0xcc6

"P2", part 1 of 2:                          0xc
  .bss             zero     0x2000'0000     0x4  main.o [1]
  .bss             zero     0x2000'0004     0x4  main.o [1]
  .bss             zero     0x2000'0008     0x4  main.o [1]
                          - 0x2000'000c     0xc

"P2", part 2 of 2:                       0x1000
  CSTACK                    0x2000'0010  0x1000  <Block>
    CSTACK         uninit   0x2000'0010  0x1000  <Block tail>
                          - 0x2000'1010  0x1000

Unused ranges:

         From           To      Size
         ----           --      ----
        0xd82     0x3'ffff  0x3'f27e
  0x2000'000c  0x2000'000f       0x4
  0x2000'1010  0x2000'7fff    0x6ff0


*******************************************************************************
*** INIT TABLE
***

          Address      Size
          -------      ----
Zero (__iar_zero_init3)
    1 destination range, total size 0xc:
          0x2000'0000   0xc



*******************************************************************************
*** MODULE SUMMARY
***

    Module            ro code  ro data  rw data
    ------            -------  -------  -------
command line/config:
    -------------------------------------------
    Total:

C:\Users\candy\474Group8\Debug\Obj: [1]
    cstartup_M.o           34      188
    main.o              1 344                12
    -------------------------------------------
    Total:              1 378      188       12

dl7M_tln.a: [2]
    exit.o                  4
    low_level_init.o        4
    -------------------------------------------
    Total:                  8

m7M_tls.a: [3]
    DblAdd.o              362
    DblDiv.o              582
    DblMul.o              418
    DblSub.o              226
    DblToS32.o             58
    U32ToDbl.o             26
    fpinit_M.o             34
    -------------------------------------------
    Total:              1 706

rt7M_tl.a: [4]
    cexit.o                10
    cmain.o                30
    data_init.o            40
    zero_init3.o           58
    -------------------------------------------
    Total:                138

shb_l.a: [5]
    exit.o                 20
    -------------------------------------------
    Total:                 20

    Gaps                    2        2
    Linker created                  16    4 096
-----------------------------------------------
    Grand Total:        3 252      206    4 108


*******************************************************************************
*** ENTRY LIST
***

Entry                       Address  Size  Type      Object
-----                       -------  ----  ----      ------
.iar.init_table$$Base         0xd14         --   Gb  - Linker created -
.iar.init_table$$Limit        0xd24         --   Gb  - Linker created -
?main                         0xd29        Code  Gb  cmain.o [4]
ADC0_Handler                  0x39f  0x5c  Code  Gb  main.o [1]
ADC_Init                       0xbd  0xa2  Code  Gb  main.o [1]
CSTACK$$Base            0x2000'0010         --   Gb  - Linker created -
CSTACK$$Limit           0x2000'1010         --   Gb  - Linker created -
FLAG                    0x2000'0004   0x4  Data  Gb  main.o [1]
Interrupt_Init                0x25b  0x64  Code  Gb  main.o [1]
LED_OFF                       0x433   0x8  Code  Gb  main.o [1]
LED_ON                        0x425   0xe  Code  Gb  main.o [1]
PLL_Init                      0x15f  0x80  Code  Gb  main.o [1]
PortF_Handler                 0x379  0x26  Code  Gb  main.o [1]
PortF_Init                    0x1df  0x30  Code  Gb  main.o [1]
Region$$Table$$Base           0xd14         --   Gb  - Linker created -
Region$$Table$$Limit          0xd24         --   Gb  - Linker created -
STATE                   0x2000'0000   0x4  Data  Gb  main.o [1]
Switching                     0x43b  0xc8  Code  Gb  main.o [1]
Timer0A_Handler               0x361  0x18  Code  Gb  main.o [1]
Timer0_Init                   0x20f  0x4c  Code  Gb  main.o [1]
UART_Init                     0x2bf  0xa2  Code  Gb  main.o [1]
__aeabi_d2iz                  0xb21        Code  Gb  DblToS32.o [3]
__aeabi_ddiv                  0x7f5        Code  Gb  DblDiv.o [3]
__aeabi_dmul                  0x651        Code  Gb  DblMul.o [3]
__aeabi_dsub                  0xa3d        Code  Gb  DblSub.o [3]
__aeabi_ui2d                  0x5fd        Code  Gb  U32ToDbl.o [3]
__cmain                       0xd29        Code  Gb  cmain.o [4]
__exit                        0xd5d  0x14  Code  Gb  exit.o [5]
__iar_dadd                    0xa4d        Code  Gb  DblSub.o [3]
__iar_data_init3              0xcc9  0x28  Code  Gb  data_init.o [4]
__iar_dsub                    0xb5d        Code  Gb  DblAdd.o [3]
__iar_dsubStart               0xb6f        Code  Gb  DblAdd.o [3]
__iar_init_vfp                0xcf1        Code  Gb  fpinit_M.o [3]
__iar_program_start           0xd71  0x10  Code  Gb  cstartup_M.o [1]
__iar_zero_init3              0x617  0x3a  Code  Gb  zero_init3.o [4]
__low_level_init              0xd47   0x4  Code  Gb  low_level_init.o [2]
__vector_table                  0x0  0xbc  Data  Gb  cstartup_M.o [1]
_call_main                    0xd35        Code  Gb  cmain.o [4]
_exit                         0xd51        Code  Gb  cexit.o [4]
_main                         0xd43        Code  Gb  cmain.o [4]
exit                          0xd4b   0x4  Code  Gb  exit.o [2]
main                          0x3fb  0x2a  Code  Gb  main.o [1]
result                  0x2000'0008   0x4  Data  Gb  main.o [1]


[1] = C:\Users\candy\474Group8\Debug\Obj
[2] = dl7M_tln.a
[3] = m7M_tls.a
[4] = rt7M_tl.a
[5] = shb_l.a

  3 252 bytes of readonly  code memory
    206 bytes of readonly  data memory
  4 108 bytes of readwrite data memory

Errors: none
Warnings: none
