###############################################################################
#
# IAR ELF Linker V8.30.1.114/W32 for ARM                  18/Jul/2018  16:48:37
# Copyright 2007-2018 IAR Systems AB.
#
#    Output file  =  C:\Users\candy\474Group8\Debug\Exe\Lab 3.out
#    Map file     =  C:\Users\candy\474Group8\Debug\List\Lab 3.map
#    Command line =  
#        -f C:\Users\candy\AppData\Local\Temp\EWE6E0.tmp
#        (C:\Users\candy\474Group8\Debug\Obj\cstartup_M.o
#        C:\Users\candy\474Group8\Debug\Obj\main.o
#        C:\Users\candy\474Group8\Debug\Obj\SSD2119.o --no_out_extension -o
#        "C:\Users\candy\474Group8\Debug\Exe\Lab 3.out" --redirect
#        _Printf=_PrintfFullNoMb --redirect _Scanf=_ScanfFullNoMb --map
#        "C:\Users\candy\474Group8\Debug\List\Lab 3.map" --config "C:\Program
#        Files (x86)\IAR Systems\Embedded Workbench
#        8.1\arm\config\linker\TexasInstruments\TM4C123GH6.icf" --semihosting
#        --entry __iar_program_start --vfe --text_out locale)
#
###############################################################################

*******************************************************************************
*** RUNTIME MODEL ATTRIBUTES
***

CppFlavor       = *
__SystemLibrary = DLib
__dlib_version  = 6


*******************************************************************************
*** HEAP SELECTION
***

The basic heap was selected because some modules are built with
size limitations (and not runtime checking), and --advanced_heap
was not specified.


*******************************************************************************
*** PLACEMENT SUMMARY
***

"A0":  place at 0x0 { ro section .intvec };
"P1":  place in [from 0x0 to 0x3'ffff] { ro };
define block CSTACK with size = 4K, alignment = 8 { };
define block HEAP with size = 8K, alignment = 8 { };
"P2":  place in [from 0x2000'0000 to 0x2000'7fff] {
          rw, block CSTACK, block HEAP };

  Section          Kind         Address    Size  Object
  -------          ----         -------    ----  ------
"A0":                                      0xbc
  .intvec          const            0x0    0xbc  cstartup_M.o [1]
                                 - 0xbc    0xbc

"P1":                                    0x1076
  .text            ro code         0xbc   0x528  main.o [1]
  .text            ro code        0x5e4    0x1a  U32ToDbl.o [3]
  .text            ro code        0x5fe    0x3a  zero_init3.o [4]
  .text            ro code        0x638   0x1a2  DblMul.o [3]
  .text            ro code        0x7da     0x2  cstartup_M.o [1]
  .text            ro code        0x7dc   0x246  DblDiv.o [3]
  .text            ro code        0xa22     0x2  cstartup_M.o [1]
  .text            ro code        0xa24    0xe2  DblSub.o [3]
  .text            ro code        0xb06     0x2  cstartup_M.o [1]
  .text            ro code        0xb08    0x3a  DblToS32.o [3]
  .text            ro code        0xb42     0x2  cstartup_M.o [1]
  .text            ro code        0xb44   0x3c8  SSD2119.o [1]
  .text            ro code        0xf0c   0x16a  DblAdd.o [3]
  .text            ro code       0x1076     0x2  cstartup_M.o [1]
  .text            ro code       0x1078    0x28  data_init.o [4]
  .text            ro code       0x10a0    0x22  fpinit_M.o [3]
  .iar.init_table  const         0x10c4    0x10  - Linker created -
  .text            ro code       0x10d4     0x2  cstartup_M.o [1]
  .text            ro code       0x10d8    0x1e  cmain.o [4]
  .text            ro code       0x10f6     0x4  low_level_init.o [2]
  .text            ro code       0x10fa     0x4  exit.o [2]
  .text            ro code       0x10fe     0x2  cstartup_M.o [1]
  .text            ro code       0x1100     0xa  cexit.o [4]
  .text            ro code       0x110a     0x2  cstartup_M.o [1]
  .text            ro code       0x110c    0x14  exit.o [5]
  .text            ro code       0x1120    0x10  cstartup_M.o [1]
  .text            ro code       0x1130     0x2  cstartup_M.o [1]
  .rodata          const         0x1132     0x0  zero_init3.o [4]
                               - 0x1132  0x1076

"P2", part 1 of 2:                         0x10
  .bss             zero     0x2000'0000     0x4  main.o [1]
  .bss             zero     0x2000'0004     0x4  main.o [1]
  .bss             zero     0x2000'0008     0x2  SSD2119.o [1]
  .bss             zero     0x2000'000a     0x2  SSD2119.o [1]
  .bss             zero     0x2000'000c     0x2  SSD2119.o [1]
                          - 0x2000'000e     0xe

"P2", part 2 of 2:                       0x1000
  CSTACK                    0x2000'0010  0x1000  <Block>
    CSTACK         uninit   0x2000'0010  0x1000  <Block tail>
                          - 0x2000'1010  0x1000

Unused ranges:

         From           To      Size
         ----           --      ----
       0x1132     0x3'ffff  0x3'eece
  0x2000'1010  0x2000'7fff    0x6ff0


*******************************************************************************
*** INIT TABLE
***

          Address      Size
          -------      ----
Zero (__iar_zero_init3)
    1 destination range, total size 0xe:
          0x2000'0000   0xe



*******************************************************************************
*** MODULE SUMMARY
***

    Module            ro code  ro data  rw data
    ------            -------  -------  -------
command line/config:
    -------------------------------------------
    Total:

C:\Users\candy\474Group8\Debug\Obj: [1]
    SSD2119.o             968                 6
    cstartup_M.o           34      188
    main.o              1 320                 8
    -------------------------------------------
    Total:              2 322      188       14

dl7M_tln.a: [2]
    exit.o                  4
    low_level_init.o        4
    -------------------------------------------
    Total:                  8

m7M_tls.a: [3]
    DblAdd.o              362
    DblDiv.o              582
    DblMul.o              418
    DblSub.o              226
    DblToS32.o             58
    U32ToDbl.o             26
    fpinit_M.o             34
    -------------------------------------------
    Total:              1 706

rt7M_tl.a: [4]
    cexit.o                10
    cmain.o                30
    data_init.o            40
    zero_init3.o           58
    -------------------------------------------
    Total:                138

shb_l.a: [5]
    exit.o                 20
    -------------------------------------------
    Total:                 20

    Gaps                    2        2
    Linker created                  16    4 096
-----------------------------------------------
    Grand Total:        4 196      206    4 110


*******************************************************************************
*** ENTRY LIST
***

Entry                       Address   Size  Type      Object
-----                       -------   ----  ----      ------
.iar.init_table$$Base        0x10c4          --   Gb  - Linker created -
.iar.init_table$$Limit       0x10d4          --   Gb  - Linker created -
?main                        0x10d9         Code  Gb  cmain.o [4]
ADC0_Handler                  0x43b   0x54  Code  Gb  main.o [1]
ADC_Init                       0xbd   0xa2  Code  Gb  main.o [1]
CSTACK$$Base            0x2000'0010          --   Gb  - Linker created -
CSTACK$$Limit           0x2000'1010          --   Gb  - Linker created -
FLAG                    0x2000'0000    0x4  Data  Gb  main.o [1]
Interrupt_Init                0x257   0x72  Code  Gb  main.o [1]
LCD_ColorFill                 0xe31   0x16  Code  Gb  SSD2119.o [1]
LCD_DrawFilledRect            0xe99   0x62  Code  Gb  SSD2119.o [1]
LCD_GPIOInit                  0xb45   0xa0  Code  Gb  SSD2119.o [1]
LCD_Init                      0xc6f  0x1a2  Code  Gb  SSD2119.o [1]
LCD_SetCursor                 0xe47    0xe  Code  Gb  SSD2119.o [1]
LCD_SetTextColor              0xe55   0x14  Code  Gb  SSD2119.o [1]
LCD_WriteCommand              0xbe5   0x42  Code  Gb  SSD2119.o [1]
LCD_WriteData                 0xc27   0x48  Code  Gb  SSD2119.o [1]
LED_OFF                       0x4cf    0x8  Code  Gb  main.o [1]
LED_ON                        0x4c1    0xe  Code  Gb  main.o [1]
PLL_Init                      0x15f   0x80  Code  Gb  main.o [1]
PortF_Handler                 0x3d1   0x6a  Code  Gb  main.o [1]
PortF_Init                    0x1df   0x30  Code  Gb  main.o [1]
Region$$Table$$Base          0x10c4          --   Gb  - Linker created -
Region$$Table$$Limit         0x10d4          --   Gb  - Linker created -
Timer0A_Handler               0x3b9   0x18  Code  Gb  main.o [1]
Timer0_Init                   0x20f   0x48  Code  Gb  main.o [1]
UART_Init                     0x2c9   0xf0  Code  Gb  main.o [1]
__aeabi_d2iz                  0xb09         Code  Gb  DblToS32.o [3]
__aeabi_ddiv                  0x7dd         Code  Gb  DblDiv.o [3]
__aeabi_dmul                  0x639         Code  Gb  DblMul.o [3]
__aeabi_dsub                  0xa25         Code  Gb  DblSub.o [3]
__aeabi_ui2d                  0x5e5         Code  Gb  U32ToDbl.o [3]
__cmain                      0x10d9         Code  Gb  cmain.o [4]
__exit                       0x110d   0x14  Code  Gb  exit.o [5]
__iar_dadd                    0xa35         Code  Gb  DblSub.o [3]
__iar_data_init3             0x1079   0x28  Code  Gb  data_init.o [4]
__iar_dsub                    0xf0d         Code  Gb  DblAdd.o [3]
__iar_dsubStart               0xf1f         Code  Gb  DblAdd.o [3]
__iar_init_vfp               0x10a1         Code  Gb  fpinit_M.o [3]
__iar_program_start          0x1121   0x10  Code  Gb  cstartup_M.o [1]
__iar_zero_init3              0x5ff   0x3a  Code  Gb  zero_init3.o [4]
__low_level_init             0x10f7    0x4  Code  Gb  low_level_init.o [2]
__vector_table                  0x0   0xbc  Data  Gb  cstartup_M.o [1]
_call_main                   0x10e5         Code  Gb  cmain.o [4]
_exit                        0x1101         Code  Gb  cexit.o [4]
_main                        0x10f3         Code  Gb  cmain.o [4]
convertColor                  0xe11   0x20  Code  Gb  SSD2119.o [1]
cursorX                 0x2000'0008    0x2  Data  Gb  SSD2119.o [1]
cursorY                 0x2000'000a    0x2  Data  Gb  SSD2119.o [1]
exit                         0x10fb    0x4  Code  Gb  exit.o [2]
main                          0x48f   0x32  Code  Gb  main.o [1]
result                  0x2000'0004    0x4  Data  Gb  main.o [1]
textColor               0x2000'000c    0x2  Data  Gb  SSD2119.o [1]


[1] = C:\Users\candy\474Group8\Debug\Obj
[2] = dl7M_tln.a
[3] = m7M_tls.a
[4] = rt7M_tl.a
[5] = shb_l.a

  4 196 bytes of readonly  code memory
    206 bytes of readonly  data memory
  4 110 bytes of readwrite data memory

Errors: none
Warnings: none
