###############################################################################
#
# IAR ELF Linker V8.30.1.114/W32 for ARM                  18/Jul/2018  21:41:14
# Copyright 2007-2018 IAR Systems AB.
#
#    Output file  =  
#        C:\Users\nikol\Documents\EE 474\github\474Group8\Debug\Exe\Lab 3.out
#    Map file     =  
#        C:\Users\nikol\Documents\EE 474\github\474Group8\Debug\List\Lab 3.map
#    Command line =  
#        -f C:\Users\nikol\AppData\Local\Temp\EW897A.tmp
#        ("C:\Users\nikol\Documents\EE
#        474\github\474Group8\Debug\Obj\cstartup_M.o"
#        "C:\Users\nikol\Documents\EE 474\github\474Group8\Debug\Obj\main.o"
#        "C:\Users\nikol\Documents\EE 474\github\474Group8\Debug\Obj\SSD2119.o"
#        --no_out_extension -o "C:\Users\nikol\Documents\EE
#        474\github\474Group8\Debug\Exe\Lab 3.out" --redirect
#        _Printf=_PrintfFullNoMb --redirect _Scanf=_ScanfFullNoMb --map
#        "C:\Users\nikol\Documents\EE 474\github\474Group8\Debug\List\Lab
#        3.map" --config "C:\Program Files (x86)\IAR Systems\Embedded Workbench
#        8.1\arm\config\linker\TexasInstruments\TM4C123GH6.icf" --semihosting
#        --entry __iar_program_start --vfe --text_out locale)
#
###############################################################################

*******************************************************************************
*** RUNTIME MODEL ATTRIBUTES
***

CppFlavor       = *
__SystemLibrary = DLib
__dlib_version  = 6


*******************************************************************************
*** HEAP SELECTION
***

The basic heap was selected because some modules are built with
size limitations (and not runtime checking), and --advanced_heap
was not specified.


*******************************************************************************
*** PLACEMENT SUMMARY
***

"A0":  place at 0x0 { ro section .intvec };
"P1":  place in [from 0x0 to 0x3'ffff] { ro };
define block CSTACK with size = 4K, alignment = 8 { };
define block HEAP with size = 8K, alignment = 8 { };
"P2":  place in [from 0x2000'0000 to 0x2000'7fff] {
          rw, block CSTACK, block HEAP };

  Section          Kind         Address    Size  Object
  -------          ----         -------    ----  ------
"A0":                                      0xbc
  .intvec          const            0x0    0xbc  cstartup_M.o [1]
                                 - 0xbc    0xbc

"P1":                                    0x1336
  .text            ro code         0xbc   0x538  SSD2119.o [1]
  .text            ro code        0x5f4   0x498  main.o [1]
  .text            ro code        0xa8c    0x1a  U32ToDbl.o [3]
  .text            ro code        0xaa6    0x3a  zero_init3.o [4]
  .text            ro code        0xae0   0x1a2  DblMul.o [3]
  .text            ro code        0xc82     0x2  cstartup_M.o [1]
  .text            ro code        0xc84   0x246  DblDiv.o [3]
  .text            ro code        0xeca     0x2  cstartup_M.o [1]
  .text            ro code        0xecc    0xe2  DblSub.o [3]
  .text            ro code        0xfae     0x2  cstartup_M.o [1]
  .text            ro code        0xfb0    0x3a  DblToS32.o [3]
  .text            ro code        0xfea     0x2  cstartup_M.o [1]
  .text            ro code        0xfec   0x16a  DblAdd.o [3]
  .text            ro code       0x1156     0x2  cstartup_M.o [1]
  .rodata          const         0x1158   0x1e0  SSD2119.o [1]
  .text            ro code       0x1338    0x28  data_init.o [4]
  .text            ro code       0x1360    0x22  fpinit_M.o [3]
  .iar.init_table  const         0x1384    0x10  - Linker created -
  .text            ro code       0x1394     0x2  cstartup_M.o [1]
  .text            ro code       0x1398    0x1e  cmain.o [4]
  .text            ro code       0x13b6     0x4  low_level_init.o [2]
  .text            ro code       0x13ba     0x4  exit.o [2]
  .text            ro code       0x13be     0x2  cstartup_M.o [1]
  .text            ro code       0x13c0     0xa  cexit.o [4]
  .text            ro code       0x13ca     0x2  cstartup_M.o [1]
  .text            ro code       0x13cc    0x14  exit.o [5]
  .text            ro code       0x13e0    0x10  cstartup_M.o [1]
  .text            ro code       0x13f0     0x2  cstartup_M.o [1]
  .rodata          const         0x13f2     0x0  zero_init3.o [4]
                               - 0x13f2  0x1336

"P2", part 1 of 2:                         0x10
  .bss             zero     0x2000'0000     0x4  main.o [1]
  .bss             zero     0x2000'0004     0x4  main.o [1]
  .bss             zero     0x2000'0008     0x2  SSD2119.o [1]
  .bss             zero     0x2000'000a     0x2  SSD2119.o [1]
  .bss             zero     0x2000'000c     0x2  SSD2119.o [1]
                          - 0x2000'000e     0xe

"P2", part 2 of 2:                       0x1000
  CSTACK                    0x2000'0010  0x1000  <Block>
    CSTACK         uninit   0x2000'0010  0x1000  <Block tail>
                          - 0x2000'1010  0x1000

Unused ranges:

         From           To      Size
         ----           --      ----
       0x13f2     0x3'ffff  0x3'ec0e
  0x2000'1010  0x2000'7fff    0x6ff0


*******************************************************************************
*** INIT TABLE
***

          Address      Size
          -------      ----
Zero (__iar_zero_init3)
    1 destination range, total size 0xe:
          0x2000'0000   0xe



*******************************************************************************
*** MODULE SUMMARY
***

    Module            ro code  ro data  rw data
    ------            -------  -------  -------
command line/config:
    -------------------------------------------
    Total:

C:\Users\nikol\Documents\EE 474\github\474Group8\Debug\Obj: [1]
    SSD2119.o           1 336      480        6
    cstartup_M.o           34      188
    main.o              1 176                 8
    -------------------------------------------
    Total:              2 546      668       14

dl7M_tln.a: [2]
    exit.o                  4
    low_level_init.o        4
    -------------------------------------------
    Total:                  8

m7M_tls.a: [3]
    DblAdd.o              362
    DblDiv.o              582
    DblMul.o              418
    DblSub.o              226
    DblToS32.o             58
    U32ToDbl.o             26
    fpinit_M.o             34
    -------------------------------------------
    Total:              1 706

rt7M_tl.a: [4]
    cexit.o                10
    cmain.o                30
    data_init.o            40
    zero_init3.o           58
    -------------------------------------------
    Total:                138

shb_l.a: [5]
    exit.o                 20
    -------------------------------------------
    Total:                 20

    Gaps                    2        2
    Linker created                  16    4 096
-----------------------------------------------
    Grand Total:        4 420      686    4 110


*******************************************************************************
*** ENTRY LIST
***

Entry                       Address   Size  Type      Object
-----                       -------   ----  ----      ------
.iar.init_table$$Base        0x1384          --   Gb  - Linker created -
.iar.init_table$$Limit       0x1394          --   Gb  - Linker created -
?main                        0x1399         Code  Gb  cmain.o [4]
ADC0_Handler                  0x8eb   0x54  Code  Gb  main.o [1]
ADC_Init                      0x5f5   0xa2  Code  Gb  main.o [1]
ASCII                        0x1158  0x1e0  Data  Lc  SSD2119.o [1]
CSTACK$$Base            0x2000'0010          --   Gb  - Linker created -
CSTACK$$Limit           0x2000'1010          --   Gb  - Linker created -
FLAG                    0x2000'0000    0x4  Data  Gb  main.o [1]
Interrupt_Init                0x753   0x32  Code  Gb  main.o [1]
LCD_ColorFill                 0x3a9   0x16  Code  Gb  SSD2119.o [1]
LCD_DrawFilledRect            0x57d   0x62  Code  Gb  SSD2119.o [1]
LCD_DrawPixel                 0x549   0x34  Code  Gb  SSD2119.o [1]
LCD_GPIOInit                   0xbd   0xa0  Code  Gb  SSD2119.o [1]
LCD_Init                      0x1e7  0x1a2  Code  Gb  SSD2119.o [1]
LCD_PrintChar                 0x3bf   0xcc  Code  Gb  SSD2119.o [1]
LCD_PrintInteger              0x4ad   0x6a  Code  Gb  SSD2119.o [1]
LCD_SetCursor                 0x48b    0xe  Code  Gb  SSD2119.o [1]
LCD_SetTextColor              0x499   0x14  Code  Gb  SSD2119.o [1]
LCD_WriteCommand              0x15d   0x42  Code  Gb  SSD2119.o [1]
LCD_WriteData                 0x19f   0x48  Code  Gb  SSD2119.o [1]
LED_ON                        0x973    0xe  Code  Gb  main.o [1]
PLL_Init                      0x697   0x80  Code  Gb  main.o [1]
PortF_Handler                 0x881   0x6a  Code  Gb  main.o [1]
Region$$Table$$Base          0x1384          --   Gb  - Linker created -
Region$$Table$$Limit         0x1394          --   Gb  - Linker created -
Switching                     0x981   0x28  Code  Gb  main.o [1]
Timer0A_Handler               0x869   0x18  Code  Gb  main.o [1]
Timer0_Init                   0x717   0x3c  Code  Gb  main.o [1]
UART_Init                     0x785   0xe4  Code  Gb  main.o [1]
__aeabi_d2iz                  0xfb1         Code  Gb  DblToS32.o [3]
__aeabi_ddiv                  0xc85         Code  Gb  DblDiv.o [3]
__aeabi_dmul                  0xae1         Code  Gb  DblMul.o [3]
__aeabi_dsub                  0xecd         Code  Gb  DblSub.o [3]
__aeabi_ui2d                  0xa8d         Code  Gb  U32ToDbl.o [3]
__cmain                      0x1399         Code  Gb  cmain.o [4]
__exit                       0x13cd   0x14  Code  Gb  exit.o [5]
__iar_dadd                    0xedd         Code  Gb  DblSub.o [3]
__iar_data_init3             0x1339   0x28  Code  Gb  data_init.o [4]
__iar_dsub                    0xfed         Code  Gb  DblAdd.o [3]
__iar_dsubStart               0xfff         Code  Gb  DblAdd.o [3]
__iar_init_vfp               0x1361         Code  Gb  fpinit_M.o [3]
__iar_program_start          0x13e1   0x10  Code  Gb  cstartup_M.o [1]
__iar_zero_init3              0xaa7   0x3a  Code  Gb  zero_init3.o [4]
__low_level_init             0x13b7    0x4  Code  Gb  low_level_init.o [2]
__vector_table                  0x0   0xbc  Data  Gb  cstartup_M.o [1]
_call_main                   0x13a5         Code  Gb  cmain.o [4]
_exit                        0x13c1         Code  Gb  cexit.o [4]
_main                        0x13b3         Code  Gb  cmain.o [4]
convertColor                  0x389   0x20  Code  Gb  SSD2119.o [1]
cursorX                 0x2000'0008    0x2  Data  Gb  SSD2119.o [1]
cursorY                 0x2000'000a    0x2  Data  Gb  SSD2119.o [1]
exit                         0x13bb    0x4  Code  Gb  exit.o [2]
main                          0x93f   0x34  Code  Gb  main.o [1]
result                  0x2000'0004    0x4  Data  Gb  main.o [1]
textColor               0x2000'000c    0x2  Data  Gb  SSD2119.o [1]


[1] = C:\Users\nikol\Documents\EE 474\github\474Group8\Debug\Obj
[2] = dl7M_tln.a
[3] = m7M_tls.a
[4] = rt7M_tl.a
[5] = shb_l.a

  4 420 bytes of readonly  code memory
    686 bytes of readonly  data memory
  4 110 bytes of readwrite data memory

Errors: none
Warnings: none
