###############################################################################
#
# IAR ELF Linker V8.30.1.114/W32 for ARM                  15/Jul/2018  16:39:23
# Copyright 2007-2018 IAR Systems AB.
#
#    Output file  =  C:\Users\candy\474Group8\Debug\Exe\Lab 3.out
#    Map file     =  C:\Users\candy\474Group8\Debug\List\Lab 3.map
#    Command line =  
#        -f C:\Users\candy\AppData\Local\Temp\EW533D.tmp
#        (C:\Users\candy\474Group8\Debug\Obj\cstartup_M.o
#        C:\Users\candy\474Group8\Debug\Obj\main.o --no_out_extension -o
#        "C:\Users\candy\474Group8\Debug\Exe\Lab 3.out" --redirect
#        _Printf=_PrintfFullNoMb --redirect _Scanf=_ScanfFullNoMb --map
#        "C:\Users\candy\474Group8\Debug\List\Lab 3.map" --config "C:\Program
#        Files (x86)\IAR Systems\Embedded Workbench
#        8.1\arm\config\linker\TexasInstruments\TM4C123GH6.icf" --semihosting
#        --entry __iar_program_start --vfe --text_out locale)
#
###############################################################################

*******************************************************************************
*** RUNTIME MODEL ATTRIBUTES
***

CppFlavor       = *
__SystemLibrary = DLib
__dlib_version  = 6


*******************************************************************************
*** HEAP SELECTION
***

The basic heap was selected because some modules are built with
size limitations (and not runtime checking), and --advanced_heap
was not specified.


*******************************************************************************
*** PLACEMENT SUMMARY
***

"A0":  place at 0x0 { ro section .intvec };
"P1":  place in [from 0x0 to 0x3'ffff] { ro };
define block CSTACK with size = 4K, alignment = 8 { };
define block HEAP with size = 8K, alignment = 8 { };
"P2":  place in [from 0x2000'0000 to 0x2000'7fff] {
          rw, block CSTACK, block HEAP };

  Section          Kind         Address    Size  Object
  -------          ----         -------    ----  ------
"A0":                                      0xbc
  .intvec          const            0x0    0xbc  cstartup_M.o [1]
                                 - 0xbc    0xbc

"P1":                                     0x3c2
  .text            ro code         0xbc   0x2c4  main.o [1]
  .text            ro code        0x380    0x3a  zero_init3.o [4]
  .text            ro code        0x3ba     0x2  cstartup_M.o [1]
  .text            ro code        0x3bc    0x28  data_init.o [4]
  .text            ro code        0x3e4    0x22  fpinit_M.o [3]
  .iar.init_table  const          0x408    0x10  - Linker created -
  .text            ro code        0x418     0x2  cstartup_M.o [1]
  .text            ro code        0x41c    0x1e  cmain.o [4]
  .text            ro code        0x43a     0x4  low_level_init.o [2]
  .text            ro code        0x43e     0x4  exit.o [2]
  .text            ro code        0x442     0x2  cstartup_M.o [1]
  .text            ro code        0x444     0xa  cexit.o [4]
  .text            ro code        0x44e     0x2  cstartup_M.o [1]
  .text            ro code        0x450    0x14  exit.o [5]
  .text            ro code        0x464    0x10  cstartup_M.o [1]
  .text            ro code        0x474     0x2  cstartup_M.o [1]
  .text            ro code        0x476     0x2  cstartup_M.o [1]
  .text            ro code        0x478     0x2  cstartup_M.o [1]
  .text            ro code        0x47a     0x2  cstartup_M.o [1]
  .text            ro code        0x47c     0x2  cstartup_M.o [1]
  .rodata          const          0x47e     0x0  zero_init3.o [4]
                                - 0x47e   0x3c2

"P2", part 1 of 2:                          0x8
  .bss             zero     0x2000'0000     0x4  main.o [1]
  .bss             zero     0x2000'0004     0x4  main.o [1]
                          - 0x2000'0008     0x8

"P2", part 2 of 2:                       0x1000
  CSTACK                    0x2000'0008  0x1000  <Block>
    CSTACK         uninit   0x2000'0008  0x1000  <Block tail>
                          - 0x2000'1008  0x1000

Unused ranges:

         From           To      Size
         ----           --      ----
        0x47e     0x3'ffff  0x3'fb82
  0x2000'1008  0x2000'7fff    0x6ff8


*******************************************************************************
*** INIT TABLE
***

          Address      Size
          -------      ----
Zero (__iar_zero_init3)
    1 destination range, total size 0x8:
          0x2000'0000   0x8



*******************************************************************************
*** MODULE SUMMARY
***

    Module            ro code  ro data  rw data
    ------            -------  -------  -------
command line/config:
    -------------------------------------------
    Total:

C:\Users\candy\474Group8\Debug\Obj: [1]
    cstartup_M.o           34      188
    main.o                708                 8
    -------------------------------------------
    Total:                742      188        8

dl7M_tln.a: [2]
    exit.o                  4
    low_level_init.o        4
    -------------------------------------------
    Total:                  8

m7M_tls.a: [3]
    fpinit_M.o             34
    -------------------------------------------
    Total:                 34

rt7M_tl.a: [4]
    cexit.o                10
    cmain.o                30
    data_init.o            40
    zero_init3.o           58
    -------------------------------------------
    Total:                138

shb_l.a: [5]
    exit.o                 20
    -------------------------------------------
    Total:                 20

    Gaps                    2        2
    Linker created                  16    4 096
-----------------------------------------------
    Grand Total:          944      206    4 104


*******************************************************************************
*** ENTRY LIST
***

Entry                       Address  Size  Type      Object
-----                       -------  ----  ----      ------
.iar.init_table$$Base         0x408         --   Gb  - Linker created -
.iar.init_table$$Limit        0x418         --   Gb  - Linker created -
?main                         0x41d        Code  Gb  cmain.o [4]
ADC_Init                       0xbd  0x8a  Code  Gb  main.o [1]
CSTACK$$Base            0x2000'0008         --   Gb  - Linker created -
CSTACK$$Limit           0x2000'1008         --   Gb  - Linker created -
FLAG                    0x2000'0004   0x4  Data  Gb  main.o [1]
PLL_Init                      0x147  0x56  Code  Gb  main.o [1]
PortF_Handler                 0x267   0x2  Code  Gb  main.o [1]
PortF_Init                    0x19d  0x22  Code  Gb  main.o [1]
Region$$Table$$Base           0x408         --   Gb  - Linker created -
Region$$Table$$Limit          0x418         --   Gb  - Linker created -
STATE                   0x2000'0000   0x4  Data  Gb  main.o [1]
Switching                     0x283  0x70  Code  Gb  main.o [1]
Timer0A_Handler               0x255  0x12  Code  Gb  main.o [1]
Timer0_Init                   0x1bf  0x3e  Code  Gb  main.o [1]
Timer_Dis                     0x22f  0x26  Code  Gb  main.o [1]
Timer_En                      0x1fd  0x32  Code  Gb  main.o [1]
__cmain                       0x41d        Code  Gb  cmain.o [4]
__exit                        0x451  0x14  Code  Gb  exit.o [5]
__iar_data_init3              0x3bd  0x28  Code  Gb  data_init.o [4]
__iar_init_vfp                0x3e5        Code  Gb  fpinit_M.o [3]
__iar_program_start           0x465  0x10  Code  Gb  cstartup_M.o [1]
__iar_zero_init3              0x381  0x3a  Code  Gb  zero_init3.o [4]
__low_level_init              0x43b   0x4  Code  Gb  low_level_init.o [2]
__vector_table                  0x0  0xbc  Data  Gb  cstartup_M.o [1]
_call_main                    0x429        Code  Gb  cmain.o [4]
_exit                         0x445        Code  Gb  cexit.o [4]
_main                         0x437        Code  Gb  cmain.o [4]
exit                          0x43f   0x4  Code  Gb  exit.o [2]
main                          0x269  0x1a  Code  Gb  main.o [1]


[1] = C:\Users\candy\474Group8\Debug\Obj
[2] = dl7M_tln.a
[3] = m7M_tls.a
[4] = rt7M_tl.a
[5] = shb_l.a

    944 bytes of readonly  code memory
    206 bytes of readonly  data memory
  4 104 bytes of readwrite data memory

Errors: none
Warnings: none
